
[1;33m══ 1/6  Fabric test network[0m
[0;34mUsing docker and docker compose[0m
[0;34mCreating channel 'mychannel'.[0m
[0;34mIf network is not up, starting nodes with CLI timeout of '5' tries and CLI delay of '3' seconds and using database 'leveldb with crypto from 'Certificate Authorities'[0m
[0;34mBringing up network[0m
[0;34mLOCAL_VERSION=v2.5.9[0m
[0;34mDOCKER_IMAGE_VERSION=v2.5.9[0m
[0;34mCA_LOCAL_VERSION=v1.5.13[0m
[0;34mCA_DOCKER_IMAGE_VERSION=v1.5.13[0m
[0;34mGenerating certificates using Fabric CA[0m
 Network fabric_test  Creating
 Network fabric_test  Created
 Container ca_org1  Creating
 Container ca_orderer  Creating
 Container ca_org2  Creating
 Container ca_org2  Created
 Container ca_orderer  Created
 Container ca_org1  Created
 Container ca_org1  Starting
 Container ca_orderer  Starting
 Container ca_org2  Starting
 Container ca_org1  Started
 Container ca_org2  Started
 Container ca_orderer  Started
+ fabric-ca-client getcainfo -u https://admin:adminpw@localhost:7054 --caname ca-org1 --tls.certfiles /home/runner/fabric-samples/test-network/organizations/fabric-ca/org1/ca-cert.pem
2026/08/21 15:28:14 [INFO] Configuration file location: /home/runner/fabric-samples/test-network/organizations/peerOrganizations/org1.example.com/fabric-ca-client-config.yaml
2026/08/21 15:28:14 [INFO] TLS Enabled
2026/08/21 15:28:14 [INFO] Stored root CA certificate at /home/runner/fabric-samples/test-network/organizations/peerOrganizations/org1.example.com/msp/cacerts/localhost-7054-ca-org1.pem
2026/08/21 15:28:14 [INFO] Stored Issuer public key at /home/runner/fabric-samples/test-network/organizations/peerOrganizations/org1.example.com/msp/IssuerPublicKey
2026/08/21 15:28:14 [INFO] Stored Issuer revocation public key at /home/runner/fabric-samples/test-network/organizations/peerOrganizations/org1.example.com/msp/IssuerRevocationPublicKey
+ res=0
[0;34mCreating Org1 Identities[0m
[0;34mEnrolling the CA admin[0m
+ fabric-ca-client enroll -u https://admin:adminpw@localhost:7054 --caname ca-org1 --tls.certfiles /home/runner/fabric-samples/test-network/organizations/fabric-ca/org1/ca-cert.pem
2026/08/21 15:28:14 [INFO] Created a default configuration file at /home/runner/fabric-samples/test-network/organizations/peerOrganizations/org1.example.com/fabric-ca-client-config.yaml
2026/08/21 15:28:14 [INFO] TLS Enabled
2026/08/21 15:28:14 [INFO] generating key: &{A:ecdsa S:256}
2026/08/21 15:28:14 [INFO] encoded CSR
2026/08/21 15:28:14 [INFO] Stored client certificate at /home/runner/fabric-samples/test-network/organizations/peerOrganizations/org1.example.com/msp/signcerts/cert.pem
2026/08/21 15:28:14 [INFO] Stored root CA certificate at /home/runner/fabric-samples/test-network/organizations/peerOrganizations/org1.example.com/msp/cacerts/localhost-7054-ca-org1.pem
2026/08/21 15:28:14 [INFO] Stored Issuer public key at /home/runner/fabric-samples/test-network/organizations/peerOrganizations/org1.example.com/msp/IssuerPublicKey
2026/08/21 15:28:14 [INFO] Stored Issuer revocation public key at /home/runner/fabric-samples/test-network/organizations/peerOrganizations/org1.example.com/msp/IssuerRevocationPublicKey
[0;34mRegistering peer0[0m
+ fabric-ca-client register --caname ca-org1 --id.name peer0 --id.secret peer0pw --id.type peer --tls.certfiles /home/runner/fabric-samples/test-network/organizations/fabric-ca/org1/ca-cert.pem
2026/08/21 15:28:14 [INFO] Configuration file location: /home/runner/fabric-samples/test-network/organizations/peerOrganizations/org1.example.com/fabric-ca-client-config.yaml
2026/08/21 15:28:14 [INFO] TLS Enabled
2026/08/21 15:28:14 [INFO] TLS Enabled
Password: peer0pw
[0;34mRegistering user[0m
+ fabric-ca-client register --caname ca-org1 --id.name user1 --id.secret user1pw --id.type client --tls.certfiles /home/runner/fabric-samples/test-network/organizations/fabric-ca/org1/ca-cert.pem
2026/08/21 15:28:14 [INFO] Configuration file location: /home/runner/fabric-samples/test-network/organizations/peerOrganizations/org1.example.com/fabric-ca-client-config.yaml
2026/08/21 15:28:14 [INFO] TLS Enabled
2026/08/21 15:28:14 [INFO] TLS Enabled
Password: user1pw
[0;34mRegistering the org admin[0m
+ fabric-ca-client register --caname ca-org1 --id.name org1admin --id.secret org1adminpw --id.type admin --tls.certfiles /home/runner/fabric-samples/test-network/organizations/fabric-ca/org1/ca-cert.pem
2026/08/21 15:28:15 [INFO] Configuration file location: /home/runner/fabric-samples/test-network/organizations/peerOrganizations/org1.example.com/fabric-ca-client-config.yaml
2026/08/21 15:28:15 [INFO] TLS Enabled
2026/08/21 15:28:15 [INFO] TLS Enabled
Password: org1adminpw
[0;34mGenerating the peer0 msp[0m
+ fabric-ca-client enroll -u https://peer0:peer0pw@localhost:7054 --caname ca-org1 -M /home/runner/fabric-samples/test-network/organizations/peerOrganizations/org1.example.com/peers/peer0.org1.example.com/msp --tls.certfiles /home/runner/fabric-samples/test-network/organizations/fabric-ca/org1/ca-cert.pem
2026/08/21 15:28:15 [INFO] TLS Enabled
2026/08/21 15:28:15 [INFO] generating key: &{A:ecdsa S:256}
2026/08/21 15:28:15 [INFO] encoded CSR
2026/08/21 15:28:15 [INFO] Stored client certificate at /home/runner/fabric-samples/test-network/organizations/peerOrganizations/org1.example.com/peers/peer0.org1.example.com/msp/signcerts/cert.pem
2026/08/21 15:28:15 [INFO] Stored root CA certificate at /home/runner/fabric-samples/test-network/organizations/peerOrganizations/org1.example.com/peers/peer0.org1.example.com/msp/cacerts/localhost-7054-ca-org1.pem
2026/08/21 15:28:15 [INFO] Stored Issuer public key at /home/runner/fabric-samples/test-network/organizations/peerOrganizations/org1.example.com/peers/peer0.org1.example.com/msp/IssuerPublicKey
2026/08/21 15:28:15 [INFO] Stored Issuer revocation public key at /home/runner/fabric-samples/test-network/organizations/peerOrganizations/org1.example.com/peers/peer0.org1.example.com/msp/IssuerRevocationPublicKey
[0;34mGenerating the peer0-tls certificates, use --csr.hosts to specify Subject Alternative Names[0m
+ fabric-ca-client enroll -u https://peer0:peer0pw@localhost:7054 --caname ca-org1 -M /home/runner/fabric-samples/test-network/organizations/peerOrganizations/org1.example.com/peers/peer0.org1.example.com/tls --enrollment.profile tls --csr.hosts peer0.org1.example.com --csr.hosts localhost --tls.certfiles /home/runner/fabric-samples/test-network/organizations/fabric-ca/org1/ca-cert.pem
2026/08/21 15:28:15 [INFO] TLS Enabled
2026/08/21 15:28:15 [INFO] generating key: &{A:ecdsa S:256}
2026/08/21 15:28:15 [INFO] encoded CSR
2026/08/21 15:28:15 [INFO] Stored client certificate at /home/runner/fabric-samples/test-network/organizations/peerOrganizations/org1.example.com/peers/peer0.org1.example.com/tls/signcerts/cert.pem
2026/08/21 15:28:15 [INFO] Stored TLS root CA certificate at /home/runner/fabric-samples/test-network/organizations/peerOrganizations/org1.example.com/peers/peer0.org1.example.com/tls/tlscacerts/tls-localhost-7054-ca-org1.pem
2026/08/21 15:28:15 [INFO] Stored Issuer public key at /home/runner/fabric-samples/test-network/organizations/peerOrganizations/org1.example.com/peers/peer0.org1.example.com/tls/IssuerPublicKey
2026/08/21 15:28:15 [INFO] Stored Issuer revocation public key at /home/runner/fabric-samples/test-network/organizations/peerOrganizations/org1.example.com/peers/peer0.org1.example.com/tls/IssuerRevocationPublicKey
[0;34mGenerating the user msp[0m
+ fabric-ca-client enroll -u https://user1:user1pw@localhost:7054 --caname ca-org1 -M /home/runner/fabric-samples/test-network/organizations/peerOrganizations/org1.example.com/users/User1@org1.example.com/msp --tls.certfiles /home/runner/fabric-samples/test-network/organizations/fabric-ca/org1/ca-cert.pem
2026/08/21 15:28:15 [INFO] TLS Enabled
2026/08/21 15:28:15 [INFO] generating key: &{A:ecdsa S:256}
2026/08/21 15:28:15 [INFO] encoded CSR
2026/08/21 15:28:15 [INFO] Stored client certificate at /home/runner/fabric-samples/test-network/organizations/peerOrganizations/org1.example.com/users/User1@org1.example.com/msp/signcerts/cert.pem
2026/08/21 15:28:15 [INFO] Stored root CA certificate at /home/runner/fabric-samples/test-network/organizations/peerOrganizations/org1.example.com/users/User1@org1.example.com/msp/cacerts/localhost-7054-ca-org1.pem
2026/08/21 15:28:15 [INFO] Stored Issuer public key at /home/runner/fabric-samples/test-network/organizations/peerOrganizations/org1.example.com/users/User1@org1.example.com/msp/IssuerPublicKey
2026/08/21 15:28:15 [INFO] Stored Issuer revocation public key at /home/runner/fabric-samples/test-network/organizations/peerOrganizations/org1.example.com/users/User1@org1.example.com/msp/IssuerRevocationPublicKey
[0;34mGenerating the org admin msp[0m
+ fabric-ca-client enroll -u https://org1admin:org1adminpw@localhost:7054 --caname ca-org1 -M /home/runner/fabric-samples/test-network/organizations/peerOrganizations/org1.example.com/users/Admin@org1.example.com/msp --tls.certfiles /home/runner/fabric-samples/test-network/organizations/fabric-ca/org1/ca-cert.pem
2026/08/21 15:28:15 [INFO] TLS Enabled
2026/08/21 15:28:15 [INFO] generating key: &{A:ecdsa S:256}
2026/08/21 15:28:15 [INFO] encoded CSR
2026/08/21 15:28:15 [INFO] Stored client certificate at /home/runner/fabric-samples/test-network/organizations/peerOrganizations/org1.example.com/users/Admin@org1.example.com/msp/signcerts/cert.pem
2026/08/21 15:28:15 [INFO] Stored root CA certificate at /home/runner/fabric-samples/test-network/organizations/peerOrganizations/org1.example.com/users/Admin@org1.example.com/msp/cacerts/localhost-7054-ca-org1.pem
2026/08/21 15:28:15 [INFO] Stored Issuer public key at /home/runner/fabric-samples/test-network/organizations/peerOrganizations/org1.example.com/users/Admin@org1.example.com/msp/IssuerPublicKey
2026/08/21 15:28:15 [INFO] Stored Issuer revocation public key at /home/runner/fabric-samples/test-network/organizations/peerOrganizations/org1.example.com/users/Admin@org1.example.com/msp/IssuerRevocationPublicKey
[0;34mCreating Org2 Identities[0m
[0;34mEnrolling the CA admin[0m
+ fabric-ca-client enroll -u https://admin:adminpw@localhost:8054 --caname ca-org2 --tls.certfiles /home/runner/fabric-samples/test-network/organizations/fabric-ca/org2/ca-cert.pem
2026/08/21 15:28:15 [INFO] Created a default configuration file at /home/runner/fabric-samples/test-network/organizations/peerOrganizations/org2.example.com/fabric-ca-client-config.yaml
2026/08/21 15:28:15 [INFO] TLS Enabled
2026/08/21 15:28:15 [INFO] generating key: &{A:ecdsa S:256}
2026/08/21 15:28:15 [INFO] encoded CSR
2026/08/21 15:28:15 [INFO] Stored client certificate at /home/runner/fabric-samples/test-network/organizations/peerOrganizations/org2.example.com/msp/signcerts/cert.pem
2026/08/21 15:28:15 [INFO] Stored root CA certificate at /home/runner/fabric-samples/test-network/organizations/peerOrganizations/org2.example.com/msp/cacerts/localhost-8054-ca-org2.pem
2026/08/21 15:28:15 [INFO] Stored Issuer public key at /home/runner/fabric-samples/test-network/organizations/peerOrganizations/org2.example.com/msp/IssuerPublicKey
2026/08/21 15:28:15 [INFO] Stored Issuer revocation public key at /home/runner/fabric-samples/test-network/organizations/peerOrganizations/org2.example.com/msp/IssuerRevocationPublicKey
[0;34mRegistering peer0[0m
+ fabric-ca-client register --caname ca-org2 --id.name peer0 --id.secret peer0pw --id.type peer --tls.certfiles /home/runner/fabric-samples/test-network/organizations/fabric-ca/org2/ca-cert.pem
2026/08/21 15:28:15 [INFO] Configuration file location: /home/runner/fabric-samples/test-network/organizations/peerOrganizations/org2.example.com/fabric-ca-client-config.yaml
2026/08/21 15:28:15 [INFO] TLS Enabled
2026/08/21 15:28:15 [INFO] TLS Enabled
Password: peer0pw
[0;34mRegistering user[0m
+ fabric-ca-client register --caname ca-org2 --id.name user1 --id.secret user1pw --id.type client --tls.certfiles /home/runner/fabric-samples/test-network/organizations/fabric-ca/org2/ca-cert.pem
2026/08/21 15:28:15 [INFO] Configuration file location: /home/runner/fabric-samples/test-network/organizations/peerOrganizations/org2.example.com/fabric-ca-client-config.yaml
2026/08/21 15:28:15 [INFO] TLS Enabled
2026/08/21 15:28:15 [INFO] TLS Enabled
Password: user1pw
[0;34mRegistering the org admin[0m
+ fabric-ca-client register --caname ca-org2 --id.name org2admin --id.secret org2adminpw --id.type admin --tls.certfiles /home/runner/fabric-samples/test-network/organizations/fabric-ca/org2/ca-cert.pem
2026/08/21 15:28:15 [INFO] Configuration file location: /home/runner/fabric-samples/test-network/organizations/peerOrganizations/org2.example.com/fabric-ca-client-config.yaml
2026/08/21 15:28:15 [INFO] TLS Enabled
2026/08/21 15:28:15 [INFO] TLS Enabled
Password: org2adminpw
[0;34mGenerating the peer0 msp[0m
+ fabric-ca-client enroll -u https://peer0:peer0pw@localhost:8054 --caname ca-org2 -M /home/runner/fabric-samples/test-network/organizations/peerOrganizations/org2.example.com/peers/peer0.org2.example.com/msp --tls.certfiles /home/runner/fabric-samples/test-network/organizations/fabric-ca/org2/ca-cert.pem
2026/08/21 15:28:16 [INFO] TLS Enabled
2026/08/21 15:28:16 [INFO] generating key: &{A:ecdsa S:256}
2026/08/21 15:28:16 [INFO] encoded CSR
2026/08/21 15:28:16 [INFO] Stored client certificate at /home/runner/fabric-samples/test-network/organizations/peerOrganizations/org2.example.com/peers/peer0.org2.example.com/msp/signcerts/cert.pem
2026/08/21 15:28:16 [INFO] Stored root CA certificate at /home/runner/fabric-samples/test-network/organizations/peerOrganizations/org2.example.com/peers/peer0.org2.example.com/msp/cacerts/localhost-8054-ca-org2.pem
2026/08/21 15:28:16 [INFO] Stored Issuer public key at /home/runner/fabric-samples/test-network/organizations/peerOrganizations/org2.example.com/peers/peer0.org2.example.com/msp/IssuerPublicKey
2026/08/21 15:28:16 [INFO] Stored Issuer revocation public key at /home/runner/fabric-samples/test-network/organizations/peerOrganizations/org2.example.com/peers/peer0.org2.example.com/msp/IssuerRevocationPublicKey
[0;34mGenerating the peer0-tls certificates, use --csr.hosts to specify Subject Alternative Names[0m
+ fabric-ca-client enroll -u https://peer0:peer0pw@localhost:8054 --caname ca-org2 -M /home/runner/fabric-samples/test-network/organizations/peerOrganizations/org2.example.com/peers/peer0.org2.example.com/tls --enrollment.profile tls --csr.hosts peer0.org2.example.com --csr.hosts localhost --tls.certfiles /home/runner/fabric-samples/test-network/organizations/fabric-ca/org2/ca-cert.pem
2026/08/21 15:28:16 [INFO] TLS Enabled
2026/08/21 15:28:16 [INFO] generating key: &{A:ecdsa S:256}
2026/08/21 15:28:16 [INFO] encoded CSR
2026/08/21 15:28:16 [INFO] Stored client certificate at /home/runner/fabric-samples/test-network/organizations/peerOrganizations/org2.example.com/peers/peer0.org2.example.com/tls/signcerts/cert.pem
2026/08/21 15:28:16 [INFO] Stored TLS root CA certificate at /home/runner/fabric-samples/test-network/organizations/peerOrganizations/org2.example.com/peers/peer0.org2.example.com/tls/tlscacerts/tls-localhost-8054-ca-org2.pem
2026/08/21 15:28:16 [INFO] Stored Issuer public key at /home/runner/fabric-samples/test-network/organizations/peerOrganizations/org2.example.com/peers/peer0.org2.example.com/tls/IssuerPublicKey
2026/08/21 15:28:16 [INFO] Stored Issuer revocation public key at /home/runner/fabric-samples/test-network/organizations/peerOrganizations/org2.example.com/peers/peer0.org2.example.com/tls/IssuerRevocationPublicKey
[0;34mGenerating the user msp[0m
+ fabric-ca-client enroll -u https://user1:user1pw@localhost:8054 --caname ca-org2 -M /home/runner/fabric-samples/test-network/organizations/peerOrganizations/org2.example.com/users/User1@org2.example.com/msp --tls.certfiles /home/runner/fabric-samples/test-network/organizations/fabric-ca/org2/ca-cert.pem
2026/08/21 15:28:16 [INFO] TLS Enabled
2026/08/21 15:28:16 [INFO] generating key: &{A:ecdsa S:256}
2026/08/21 15:28:16 [INFO] encoded CSR
2026/08/21 15:28:16 [INFO] Stored client certificate at /home/runner/fabric-samples/test-network/organizations/peerOrganizations/org2.example.com/users/User1@org2.example.com/msp/signcerts/cert.pem
2026/08/21 15:28:16 [INFO] Stored root CA certificate at /home/runner/fabric-samples/test-network/organizations/peerOrganizations/org2.example.com/users/User1@org2.example.com/msp/cacerts/localhost-8054-ca-org2.pem
2026/08/21 15:28:16 [INFO] Stored Issuer public key at /home/runner/fabric-samples/test-network/organizations/peerOrganizations/org2.example.com/users/User1@org2.example.com/msp/IssuerPublicKey
2026/08/21 15:28:16 [INFO] Stored Issuer revocation public key at /home/runner/fabric-samples/test-network/organizations/peerOrganizations/org2.example.com/users/User1@org2.example.com/msp/IssuerRevocationPublicKey
[0;34mGenerating the org admin msp[0m
+ fabric-ca-client enroll -u https://org2admin:org2adminpw@localhost:8054 --caname ca-org2 -M /home/runner/fabric-samples/test-network/organizations/peerOrganizations/org2.example.com/users/Admin@org2.example.com/msp --tls.certfiles /home/runner/fabric-samples/test-network/organizations/fabric-ca/org2/ca-cert.pem
2026/08/21 15:28:16 [INFO] TLS Enabled
2026/08/21 15:28:16 [INFO] generating key: &{A:ecdsa S:256}
2026/08/21 15:28:16 [INFO] encoded CSR
2026/08/21 15:28:16 [INFO] Stored client certificate at /home/runner/fabric-samples/test-network/organizations/peerOrganizations/org2.example.com/users/Admin@org2.example.com/msp/signcerts/cert.pem
2026/08/21 15:28:16 [INFO] Stored root CA certificate at /home/runner/fabric-samples/test-network/organizations/peerOrganizations/org2.example.com/users/Admin@org2.example.com/msp/cacerts/localhost-8054-ca-org2.pem
2026/08/21 15:28:16 [INFO] Stored Issuer public key at /home/runner/fabric-samples/test-network/organizations/peerOrganizations/org2.example.com/users/Admin@org2.example.com/msp/IssuerPublicKey
2026/08/21 15:28:16 [INFO] Stored Issuer revocation public key at /home/runner/fabric-samples/test-network/organizations/peerOrganizations/org2.example.com/users/Admin@org2.example.com/msp/IssuerRevocationPublicKey
[0;34mCreating Orderer Org Identities[0m
[0;34mEnrolling the CA admin[0m
+ fabric-ca-client enroll -u https://admin:adminpw@localhost:9054 --caname ca-orderer --tls.certfiles /home/runner/fabric-samples/test-network/organizations/fabric-ca/ordererOrg/ca-cert.pem
2026/08/21 15:28:16 [INFO] Created a default configuration file at /home/runner/fabric-samples/test-network/organizations/ordererOrganizations/example.com/fabric-ca-client-config.yaml
2026/08/21 15:28:16 [INFO] TLS Enabled
2026/08/21 15:28:16 [INFO] generating key: &{A:ecdsa S:256}
2026/08/21 15:28:16 [INFO] encoded CSR
2026/08/21 15:28:16 [INFO] Stored client certificate at /home/runner/fabric-samples/test-network/organizations/ordererOrganizations/example.com/msp/signcerts/cert.pem
2026/08/21 15:28:16 [INFO] Stored root CA certificate at /home/runner/fabric-samples/test-network/organizations/ordererOrganizations/example.com/msp/cacerts/localhost-9054-ca-orderer.pem
2026/08/21 15:28:16 [INFO] Stored Issuer public key at /home/runner/fabric-samples/test-network/organizations/ordererOrganizations/example.com/msp/IssuerPublicKey
2026/08/21 15:28:16 [INFO] Stored Issuer revocation public key at /home/runner/fabric-samples/test-network/organizations/ordererOrganizations/example.com/msp/IssuerRevocationPublicKey
[0;34mRegistering orderer[0m
+ fabric-ca-client register --caname ca-orderer --id.name orderer --id.secret ordererpw --id.type orderer --tls.certfiles /home/runner/fabric-samples/test-network/organizations/fabric-ca/ordererOrg/ca-cert.pem
2026/08/21 15:28:16 [INFO] Configuration file location: /home/runner/fabric-samples/test-network/organizations/ordererOrganizations/example.com/fabric-ca-client-config.yaml
2026/08/21 15:28:16 [INFO] TLS Enabled
2026/08/21 15:28:16 [INFO] TLS Enabled
Password: ordererpw
[0;34mGenerating the orderer MSP[0m
+ fabric-ca-client enroll -u https://orderer:ordererpw@localhost:9054 --caname ca-orderer -M /home/runner/fabric-samples/test-network/organizations/ordererOrganizations/example.com/orderers/orderer.example.com/msp --tls.certfiles /home/runner/fabric-samples/test-network/organizations/fabric-ca/ordererOrg/ca-cert.pem
2026/08/21 15:28:16 [INFO] TLS Enabled
2026/08/21 15:28:16 [INFO] generating key: &{A:ecdsa S:256}
2026/08/21 15:28:16 [INFO] encoded CSR
2026/08/21 15:28:16 [INFO] Stored client certificate at /home/runner/fabric-samples/test-network/organizations/ordererOrganizations/example.com/orderers/orderer.example.com/msp/signcerts/cert.pem
2026/08/21 15:28:16 [INFO] Stored root CA certificate at /home/runner/fabric-samples/test-network/organizations/ordererOrganizations/example.com/orderers/orderer.example.com/msp/cacerts/localhost-9054-ca-orderer.pem
2026/08/21 15:28:16 [INFO] Stored Issuer public key at /home/runner/fabric-samples/test-network/organizations/ordererOrganizations/example.com/orderers/orderer.example.com/msp/IssuerPublicKey
2026/08/21 15:28:16 [INFO] Stored Issuer revocation public key at /home/runner/fabric-samples/test-network/organizations/ordererOrganizations/example.com/orderers/orderer.example.com/msp/IssuerRevocationPublicKey
[0;34mGenerating the orderer TLS certificates, use --csr.hosts to specify Subject Alternative Names[0m
+ fabric-ca-client enroll -u https://orderer:ordererpw@localhost:9054 --caname ca-orderer -M /home/runner/fabric-samples/test-network/organizations/ordererOrganizations/example.com/orderers/orderer.example.com/tls --enrollment.profile tls --csr.hosts orderer.example.com --csr.hosts localhost --tls.certfiles /home/runner/fabric-samples/test-network/organizations/fabric-ca/ordererOrg/ca-cert.pem
2026/08/21 15:28:16 [INFO] TLS Enabled
2026/08/21 15:28:16 [INFO] generating key: &{A:ecdsa S:256}
2026/08/21 15:28:16 [INFO] encoded CSR
2026/08/21 15:28:16 [INFO] Stored client certificate at /home/runner/fabric-samples/test-network/organizations/ordererOrganizations/example.com/orderers/orderer.example.com/tls/signcerts/cert.pem
2026/08/21 15:28:16 [INFO] Stored TLS root CA certificate at /home/runner/fabric-samples/test-network/organizations/ordererOrganizations/example.com/orderers/orderer.example.com/tls/tlscacerts/tls-localhost-9054-ca-orderer.pem
2026/08/21 15:28:16 [INFO] Stored Issuer public key at /home/runner/fabric-samples/test-network/organizations/ordererOrganizations/example.com/orderers/orderer.example.com/tls/IssuerPublicKey
2026/08/21 15:28:16 [INFO] Stored Issuer revocation public key at /home/runner/fabric-samples/test-network/organizations/ordererOrganizations/example.com/orderers/orderer.example.com/tls/IssuerRevocationPublicKey
[0;34mRegistering orderer2[0m
+ fabric-ca-client register --caname ca-orderer --id.name orderer2 --id.secret orderer2pw --id.type orderer --tls.certfiles /home/runner/fabric-samples/test-network/organizations/fabric-ca/ordererOrg/ca-cert.pem
2026/08/21 15:28:16 [INFO] Configuration file location: /home/runner/fabric-samples/test-network/organizations/ordererOrganizations/example.com/fabric-ca-client-config.yaml
2026/08/21 15:28:16 [INFO] TLS Enabled
2026/08/21 15:28:16 [INFO] TLS Enabled
Password: orderer2pw
[0;34mGenerating the orderer2 MSP[0m
+ fabric-ca-client enroll -u https://orderer2:orderer2pw@localhost:9054 --caname ca-orderer -M /home/runner/fabric-samples/test-network/organizations/ordererOrganizations/example.com/orderers/orderer2.example.com/msp --tls.certfiles /home/runner/fabric-samples/test-network/organizations/fabric-ca/ordererOrg/ca-cert.pem
2026/08/21 15:28:17 [INFO] TLS Enabled
2026/08/21 15:28:17 [INFO] generating key: &{A:ecdsa S:256}
2026/08/21 15:28:17 [INFO] encoded CSR
2026/08/21 15:28:17 [INFO] Stored client certificate at /home/runner/fabric-samples/test-network/organizations/ordererOrganizations/example.com/orderers/orderer2.example.com/msp/signcerts/cert.pem
2026/08/21 15:28:17 [INFO] Stored root CA certificate at /home/runner/fabric-samples/test-network/organizations/ordererOrganizations/example.com/orderers/orderer2.example.com/msp/cacerts/localhost-9054-ca-orderer.pem
2026/08/21 15:28:17 [INFO] Stored Issuer public key at /home/runner/fabric-samples/test-network/organizations/ordererOrganizations/example.com/orderers/orderer2.example.com/msp/IssuerPublicKey
2026/08/21 15:28:17 [INFO] Stored Issuer revocation public key at /home/runner/fabric-samples/test-network/organizations/ordererOrganizations/example.com/orderers/orderer2.example.com/msp/IssuerRevocationPublicKey
[0;34mGenerating the orderer2 TLS certificates, use --csr.hosts to specify Subject Alternative Names[0m
+ fabric-ca-client enroll -u https://orderer2:orderer2pw@localhost:9054 --caname ca-orderer -M /home/runner/fabric-samples/test-network/organizations/ordererOrganizations/example.com/orderers/orderer2.example.com/tls --enrollment.profile tls --csr.hosts orderer2.example.com --csr.hosts localhost --tls.certfiles /home/runner/fabric-samples/test-network/organizations/fabric-ca/ordererOrg/ca-cert.pem
2026/08/21 15:28:17 [INFO] TLS Enabled
2026/08/21 15:28:17 [INFO] generating key: &{A:ecdsa S:256}
2026/08/21 15:28:17 [INFO] encoded CSR
2026/08/21 15:28:17 [INFO] Stored client certificate at /home/runner/fabric-samples/test-network/organizations/ordererOrganizations/example.com/orderers/orderer2.example.com/tls/signcerts/cert.pem
2026/08/21 15:28:17 [INFO] Stored TLS root CA certificate at /home/runner/fabric-samples/test-network/organizations/ordererOrganizations/example.com/orderers/orderer2.example.com/tls/tlscacerts/tls-localhost-9054-ca-orderer.pem
2026/08/21 15:28:17 [INFO] Stored Issuer public key at /home/runner/fabric-samples/test-network/organizations/ordererOrganizations/example.com/orderers/orderer2.example.com/tls/IssuerPublicKey
2026/08/21 15:28:17 [INFO] Stored Issuer revocation public key at /home/runner/fabric-samples/test-network/organizations/ordererOrganizations/example.com/orderers/orderer2.example.com/tls/IssuerRevocationPublicKey
[0;34mRegistering orderer3[0m
+ fabric-ca-client register --caname ca-orderer --id.name orderer3 --id.secret orderer3pw --id.type orderer --tls.certfiles /home/runner/fabric-samples/test-network/organizations/fabric-ca/ordererOrg/ca-cert.pem
2026/08/21 15:28:17 [INFO] Configuration file location: /home/runner/fabric-samples/test-network/organizations/ordererOrganizations/example.com/fabric-ca-client-config.yaml
2026/08/21 15:28:17 [INFO] TLS Enabled
2026/08/21 15:28:17 [INFO] TLS Enabled
Password: orderer3pw
[0;34mGenerating the orderer3 MSP[0m
+ fabric-ca-client enroll -u https://orderer3:orderer3pw@localhost:9054 --caname ca-orderer -M /home/runner/fabric-samples/test-network/organizations/ordererOrganizations/example.com/orderers/orderer3.example.com/msp --tls.certfiles /home/runner/fabric-samples/test-network/organizations/fabric-ca/ordererOrg/ca-cert.pem
2026/08/21 15:28:17 [INFO] TLS Enabled
2026/08/21 15:28:17 [INFO] generating key: &{A:ecdsa S:256}
2026/08/21 15:28:17 [INFO] encoded CSR
2026/08/21 15:28:17 [INFO] Stored client certificate at /home/runner/fabric-samples/test-network/organizations/ordererOrganizations/example.com/orderers/orderer3.example.com/msp/signcerts/cert.pem
2026/08/21 15:28:17 [INFO] Stored root CA certificate at /home/runner/fabric-samples/test-network/organizations/ordererOrganizations/example.com/orderers/orderer3.example.com/msp/cacerts/localhost-9054-ca-orderer.pem
2026/08/21 15:28:17 [INFO] Stored Issuer public key at /home/runner/fabric-samples/test-network/organizations/ordererOrganizations/example.com/orderers/orderer3.example.com/msp/IssuerPublicKey
2026/08/21 15:28:17 [INFO] Stored Issuer revocation public key at /home/runner/fabric-samples/test-network/organizations/ordererOrganizations/example.com/orderers/orderer3.example.com/msp/IssuerRevocationPublicKey
[0;34mGenerating the orderer3 TLS certificates, use --csr.hosts to specify Subject Alternative Names[0m
+ fabric-ca-client enroll -u https://orderer3:orderer3pw@localhost:9054 --caname ca-orderer -M /home/runner/fabric-samples/test-network/organizations/ordererOrganizations/example.com/orderers/orderer3.example.com/tls --enrollment.profile tls --csr.hosts orderer3.example.com --csr.hosts localhost --tls.certfiles /home/runner/fabric-samples/test-network/organizations/fabric-ca/ordererOrg/ca-cert.pem
2026/08/21 15:28:17 [INFO] TLS Enabled
2026/08/21 15:28:17 [INFO] generating key: &{A:ecdsa S:256}
2026/08/21 15:28:17 [INFO] encoded CSR
2026/08/21 15:28:17 [INFO] Stored client certificate at /home/runner/fabric-samples/test-network/organizations/ordererOrganizations/example.com/orderers/orderer3.example.com/tls/signcerts/cert.pem
2026/08/21 15:28:17 [INFO] Stored TLS root CA certificate at /home/runner/fabric-samples/test-network/organizations/ordererOrganizations/example.com/orderers/orderer3.example.com/tls/tlscacerts/tls-localhost-9054-ca-orderer.pem
2026/08/21 15:28:17 [INFO] Stored Issuer public key at /home/runner/fabric-samples/test-network/organizations/ordererOrganizations/example.com/orderers/orderer3.example.com/tls/IssuerPublicKey
2026/08/21 15:28:17 [INFO] Stored Issuer revocation public key at /home/runner/fabric-samples/test-network/organizations/ordererOrganizations/example.com/orderers/orderer3.example.com/tls/IssuerRevocationPublicKey
[0;34mRegistering orderer4[0m
+ fabric-ca-client register --caname ca-orderer --id.name orderer4 --id.secret orderer4pw --id.type orderer --tls.certfiles /home/runner/fabric-samples/test-network/organizations/fabric-ca/ordererOrg/ca-cert.pem
2026/08/21 15:28:17 [INFO] Configuration file location: /home/runner/fabric-samples/test-network/organizations/ordererOrganizations/example.com/fabric-ca-client-config.yaml
2026/08/21 15:28:17 [INFO] TLS Enabled
2026/08/21 15:28:17 [INFO] TLS Enabled
Password: orderer4pw
[0;34mGenerating the orderer4 MSP[0m
+ fabric-ca-client enroll -u https://orderer4:orderer4pw@localhost:9054 --caname ca-orderer -M /home/runner/fabric-samples/test-network/organizations/ordererOrganizations/example.com/orderers/orderer4.example.com/msp --tls.certfiles /home/runner/fabric-samples/test-network/organizations/fabric-ca/ordererOrg/ca-cert.pem
2026/08/21 15:28:17 [INFO] TLS Enabled
2026/08/21 15:28:17 [INFO] generating key: &{A:ecdsa S:256}
2026/08/21 15:28:17 [INFO] encoded CSR
2026/08/21 15:28:17 [INFO] Stored client certificate at /home/runner/fabric-samples/test-network/organizations/ordererOrganizations/example.com/orderers/orderer4.example.com/msp/signcerts/cert.pem
2026/08/21 15:28:17 [INFO] Stored root CA certificate at /home/runner/fabric-samples/test-network/organizations/ordererOrganizations/example.com/orderers/orderer4.example.com/msp/cacerts/localhost-9054-ca-orderer.pem
2026/08/21 15:28:17 [INFO] Stored Issuer public key at /home/runner/fabric-samples/test-network/organizations/ordererOrganizations/example.com/orderers/orderer4.example.com/msp/IssuerPublicKey
2026/08/21 15:28:17 [INFO] Stored Issuer revocation public key at /home/runner/fabric-samples/test-network/organizations/ordererOrganizations/example.com/orderers/orderer4.example.com/msp/IssuerRevocationPublicKey
[0;34mGenerating the orderer4 TLS certificates, use --csr.hosts to specify Subject Alternative Names[0m
+ fabric-ca-client enroll -u https://orderer4:orderer4pw@localhost:9054 --caname ca-orderer -M /home/runner/fabric-samples/test-network/organizations/ordererOrganizations/example.com/orderers/orderer4.example.com/tls --enrollment.profile tls --csr.hosts orderer4.example.com --csr.hosts localhost --tls.certfiles /home/runner/fabric-samples/test-network/organizations/fabric-ca/ordererOrg/ca-cert.pem
2026/08/21 15:28:17 [INFO] TLS Enabled
2026/08/21 15:28:17 [INFO] generating key: &{A:ecdsa S:256}
2026/08/21 15:28:17 [INFO] encoded CSR
2026/08/21 15:28:17 [INFO] Stored client certificate at /home/runner/fabric-samples/test-network/organizations/ordererOrganizations/example.com/orderers/orderer4.example.com/tls/signcerts/cert.pem
2026/08/21 15:28:17 [INFO] Stored TLS root CA certificate at /home/runner/fabric-samples/test-network/organizations/ordererOrganizations/example.com/orderers/orderer4.example.com/tls/tlscacerts/tls-localhost-9054-ca-orderer.pem
2026/08/21 15:28:17 [INFO] Stored Issuer public key at /home/runner/fabric-samples/test-network/organizations/ordererOrganizations/example.com/orderers/orderer4.example.com/tls/IssuerPublicKey
2026/08/21 15:28:17 [INFO] Stored Issuer revocation public key at /home/runner/fabric-samples/test-network/organizations/ordererOrganizations/example.com/orderers/orderer4.example.com/tls/IssuerRevocationPublicKey
[0;34mRegistering the orderer admin[0m
+ fabric-ca-client register --caname ca-orderer --id.name ordererAdmin --id.secret ordererAdminpw --id.type admin --tls.certfiles /home/runner/fabric-samples/test-network/organizations/fabric-ca/ordererOrg/ca-cert.pem
2026/08/21 15:28:17 [INFO] Configuration file location: /home/runner/fabric-samples/test-network/organizations/ordererOrganizations/example.com/fabric-ca-client-config.yaml
2026/08/21 15:28:18 [INFO] TLS Enabled
2026/08/21 15:28:18 [INFO] TLS Enabled
Password: ordererAdminpw
[0;34mGenerating the admin msp[0m
+ fabric-ca-client enroll -u https://ordererAdmin:ordererAdminpw@localhost:9054 --caname ca-orderer -M /home/runner/fabric-samples/test-network/organizations/ordererOrganizations/example.com/users/Admin@example.com/msp --tls.certfiles /home/runner/fabric-samples/test-network/organizations/fabric-ca/ordererOrg/ca-cert.pem
2026/08/21 15:28:18 [INFO] TLS Enabled
2026/08/21 15:28:18 [INFO] generating key: &{A:ecdsa S:256}
2026/08/21 15:28:18 [INFO] encoded CSR
2026/08/21 15:28:18 [INFO] Stored client certificate at /home/runner/fabric-samples/test-network/organizations/ordererOrganizations/example.com/users/Admin@example.com/msp/signcerts/cert.pem
2026/08/21 15:28:18 [INFO] Stored root CA certificate at /home/runner/fabric-samples/test-network/organizations/ordererOrganizations/example.com/users/Admin@example.com/msp/cacerts/localhost-9054-ca-orderer.pem
2026/08/21 15:28:18 [INFO] Stored Issuer public key at /home/runner/fabric-samples/test-network/organizations/ordererOrganizations/example.com/users/Admin@example.com/msp/IssuerPublicKey
2026/08/21 15:28:18 [INFO] Stored Issuer revocation public key at /home/runner/fabric-samples/test-network/organizations/ordererOrganizations/example.com/users/Admin@example.com/msp/IssuerRevocationPublicKey
[0;34mGenerating CCP files for Org1 and Org2[0m
 Volume "compose_peer0.org1.example.com"  Creating
 Volume "compose_peer0.org1.example.com"  Created
 Volume "compose_peer0.org2.example.com"  Creating
 Volume "compose_peer0.org2.example.com"  Created
 Volume "compose_orderer.example.com"  Creating
 Volume "compose_orderer.example.com"  Created
time="2026-08-21T15:28:18Z" level=warning msg="Found orphan containers ([ca_org1 ca_org2 ca_orderer]) for this project. If you removed or renamed this service in your compose file, you can run this command with the --remove-orphans flag to clean it up."
 Container orderer.example.com  Creating
 Container peer0.org2.example.com  Creating
 Container peer0.org1.example.com  Creating
 Container peer0.org2.example.com  Created
 Container peer0.org1.example.com  Created
 Container orderer.example.com  Created
 Container peer0.org2.example.com  Starting
 Container peer0.org1.example.com  Starting
 Container orderer.example.com  Starting
 Container peer0.org2.example.com  Started
 Container peer0.org1.example.com  Started
 Container orderer.example.com  Started
CONTAINER ID   IMAGE                               COMMAND                  CREATED                  STATUS                  PORTS                                                                                                                                   NAMES
3d3c2d83f343   hyperledger/fabric-peer:latest      "peer node start"        Less than a second ago   Up Less than a second   0.0.0.0:7051->7051/tcp, [::]:7051->7051/tcp, 0.0.0.0:9444->9444/tcp, [::]:9444->9444/tcp                                                peer0.org1.example.com
8a7e78c8d045   hyperledger/fabric-peer:latest      "peer node start"        Less than a second ago   Up Less than a second   0.0.0.0:9051->9051/tcp, [::]:9051->9051/tcp, 7051/tcp, 0.0.0.0:9445->9445/tcp, [::]:9445->9445/tcp                                      peer0.org2.example.com
5793d7d696ad   hyperledger/fabric-orderer:latest   "orderer"                Less than a second ago   Up Less than a second   0.0.0.0:7050->7050/tcp, [::]:7050->7050/tcp, 0.0.0.0:7053->7053/tcp, [::]:7053->7053/tcp, 0.0.0.0:9443->9443/tcp, [::]:9443->9443/tcp   orderer.example.com
6959d1489010   hyperledger/fabric-ca:latest        "sh -c 'fabric-ca-se…"   6 seconds ago            Up 6 seconds            0.0.0.0:7054->7054/tcp, [::]:7054->7054/tcp, 0.0.0.0:17054->17054/tcp, [::]:17054->17054/tcp                                            ca_org1
d64b7d010bd4   hyperledger/fabric-ca:latest        "sh -c 'fabric-ca-se…"   6 seconds ago            Up 6 seconds            0.0.0.0:8054->8054/tcp, [::]:8054->8054/tcp, 7054/tcp, 0.0.0.0:18054->18054/tcp, [::]:18054->18054/tcp                                  ca_org2
f2093c80e63a   hyperledger/fabric-ca:latest        "sh -c 'fabric-ca-se…"   6 seconds ago            Up 6 seconds            0.0.0.0:9054->9054/tcp, [::]:9054->9054/tcp, 7054/tcp, 0.0.0.0:19054->19054/tcp, [::]:19054->19054/tcp                                  ca_orderer
[0;34mUsing docker and docker compose[0m
[0;34mGenerating channel genesis block 'mychannel.block'[0m
[0;34mUsing organization 1[0m
/home/runner/fabric-samples/test-network/../bin/configtxgen
+ '[' 0 -eq 1 ']'
+ configtxgen -profile ChannelUsingRaft -outputBlock ./channel-artifacts/mychannel.block -channelID mychannel
[34m2026-08-21 15:28:18.719 UTC 0001 INFO[0m [common.tools.configtxgen] [34;1mmain[0m -> Loading configuration
[34m2026-08-21 15:28:18.723 UTC 0002 INFO[0m [common.tools.configtxgen.localconfig] [34;1mcompleteInitialization[0m -> orderer type: etcdraft
[34m2026-08-21 15:28:18.723 UTC 0003 INFO[0m [common.tools.configtxgen.localconfig] [34;1mcompleteInitialization[0m -> Orderer.EtcdRaft.Options unset, setting to tick_interval:"500ms" election_tick:10 heartbeat_tick:1 max_inflight_blocks:5 snapshot_interval_size:16777216 
[34m2026-08-21 15:28:18.723 UTC 0004 INFO[0m [common.tools.configtxgen.localconfig] [34;1mLoad[0m -> Loaded configuration: /home/runner/fabric-samples/test-network/configtx/configtx.yaml
[34m2026-08-21 15:28:18.725 UTC 0005 INFO[0m [common.tools.configtxgen] [34;1mdoOutputBlock[0m -> Generating genesis block
[34m2026-08-21 15:28:18.725 UTC 0006 INFO[0m [common.tools.configtxgen] [34;1mdoOutputBlock[0m -> Creating application channel genesis block
[34m2026-08-21 15:28:18.726 UTC 0007 INFO[0m [common.tools.configtxgen] [34;1mdoOutputBlock[0m -> Writing genesis block
+ res=0
[0;34mCreating channel mychannel[0m
[0;34mAdding orderers[0m
+ . scripts/orderer.sh mychannel
+ '[' 0 -eq 1 ']'
+ res=0
Status: 201
{
	"name": "mychannel",
	"url": "/participation/v1/channels/mychannel",
	"consensusRelation": "consenter",
	"status": "active",
	"height": 1
}

[0;32mChannel 'mychannel' created[0m
[0;34mJoining org1 peer to the channel...[0m
[0;34mUsing organization 1[0m
+ peer channel join -b ./channel-artifacts/mychannel.block
+ res=0
[34m2026-08-21 15:28:24.802 UTC 0001 INFO[0m [channelCmd] [34;1mInitCmdFactory[0m -> Endorser and orderer connections initialized
[34m2026-08-21 15:28:24.816 UTC 0002 INFO[0m [channelCmd] [34;1mexecuteJoin[0m -> Successfully submitted proposal to join channel
[0;34mJoining org2 peer to the channel...[0m
[0;34mUsing organization 2[0m
+ peer channel join -b ./channel-artifacts/mychannel.block
+ res=0
[34m2026-08-21 15:28:27.868 UTC 0001 INFO[0m [channelCmd] [34;1mInitCmdFactory[0m -> Endorser and orderer connections initialized
[34m2026-08-21 15:28:27.881 UTC 0002 INFO[0m [channelCmd] [34;1mexecuteJoin[0m -> Successfully submitted proposal to join channel
[0;34mSetting anchor peer for org1...[0m
[0;34mUsing organization 1[0m
[0;34mFetching channel config for channel mychannel[0m
[0;34mUsing organization 1[0m
[0;34mFetching the most recent configuration block for the channel[0m
++ peer channel fetch config /home/runner/fabric-samples/test-network/channel-artifacts/config_block.pb -o localhost:7050 --ordererTLSHostnameOverride orderer.example.com -c mychannel --tls --cafile /home/runner/fabric-samples/test-network/organizations/ordererOrganizations/example.com/tlsca/tlsca.example.com-cert.pem
[34m2026-08-21 15:28:27.932 UTC 0001 INFO[0m [channelCmd] [34;1mInitCmdFactory[0m -> Endorser and orderer connections initialized
[34m2026-08-21 15:28:27.934 UTC 0002 INFO[0m [cli.common] [34;1mreadBlock[0m -> Received block: 0
[34m2026-08-21 15:28:27.934 UTC 0003 INFO[0m [channelCmd] [34;1mfetch[0m -> Retrieving last config block: 0
[34m2026-08-21 15:28:27.935 UTC 0004 INFO[0m [cli.common] [34;1mreadBlock[0m -> Received block: 0
[0;34mDecoding config block to JSON and isolating config to /home/runner/fabric-samples/test-network/channel-artifacts/Org1MSPconfig.json[0m
++ configtxlator proto_decode --input /home/runner/fabric-samples/test-network/channel-artifacts/config_block.pb --type common.Block --output /home/runner/fabric-samples/test-network/channel-artifacts/config_block.json
++ jq '.data.data[0].payload.data.config' /home/runner/fabric-samples/test-network/channel-artifacts/config_block.json
++ res=0
[0;34mGenerating anchor peer update transaction for Org1 on channel mychannel[0m
++ jq '.channel_group.groups.Application.groups.Org1MSP.values += {"AnchorPeers":{"mod_policy": "Admins","value":{"anchor_peers": [{"host": "peer0.org1.example.com","port": 7051}]},"version": "0"}}' /home/runner/fabric-samples/test-network/channel-artifacts/Org1MSPconfig.json
++ res=0
++ configtxlator proto_encode --input /home/runner/fabric-samples/test-network/channel-artifacts/Org1MSPconfig.json --type common.Config --output /home/runner/fabric-samples/test-network/channel-artifacts/original_config.pb
++ configtxlator proto_encode --input /home/runner/fabric-samples/test-network/channel-artifacts/Org1MSPmodified_config.json --type common.Config --output /home/runner/fabric-samples/test-network/channel-artifacts/modified_config.pb
++ configtxlator compute_update --channel_id mychannel --original /home/runner/fabric-samples/test-network/channel-artifacts/original_config.pb --updated /home/runner/fabric-samples/test-network/channel-artifacts/modified_config.pb --output /home/runner/fabric-samples/test-network/channel-artifacts/config_update.pb
++ configtxlator proto_decode --input /home/runner/fabric-samples/test-network/channel-artifacts/config_update.pb --type common.ConfigUpdate --output /home/runner/fabric-samples/test-network/channel-artifacts/config_update.json
++ jq .
+++ cat /home/runner/fabric-samples/test-network/channel-artifacts/config_update.json
++ echo '{"payload":{"header":{"channel_header":{"channel_id":"mychannel", "type":2}},"data":{"config_update":{' '"channel_id":' '"mychannel",' '"isolated_data":' '{},' '"read_set":' '{' '"groups":' '{' '"Application":' '{' '"groups":' '{' '"Org1MSP":' '{' '"groups":' '{},' '"mod_policy":' '"",' '"policies":' '{' '"Admins":' '{' '"mod_policy":' '"",' '"policy":' null, '"version":' '"0"' '},' '"Endorsement":' '{' '"mod_policy":' '"",' '"policy":' null, '"version":' '"0"' '},' '"Readers":' '{' '"mod_policy":' '"",' '"policy":' null, '"version":' '"0"' '},' '"Writers":' '{' '"mod_policy":' '"",' '"policy":' null, '"version":' '"0"' '}' '},' '"values":' '{' '"MSP":' '{' '"mod_policy":' '"",' '"value":' null, '"version":' '"0"' '}' '},' '"version":' '"0"' '}' '},' '"mod_policy":' '"",' '"policies":' '{},' '"values":' '{},' '"version":' '"0"' '}' '},' '"mod_policy":' '"",' '"policies":' '{},' '"values":' '{},' '"version":' '"0"' '},' '"write_set":' '{' '"groups":' '{' '"Application":' '{' '"groups":' '{' '"Org1MSP":' '{' '"groups":' '{},' '"mod_policy":' '"Admins",' '"policies":' '{' '"Admins":' '{' '"mod_policy":' '"",' '"policy":' null, '"version":' '"0"' '},' '"Endorsement":' '{' '"mod_policy":' '"",' '"policy":' null, '"version":' '"0"' '},' '"Readers":' '{' '"mod_policy":' '"",' '"policy":' null, '"version":' '"0"' '},' '"Writers":' '{' '"mod_policy":' '"",' '"policy":' null, '"version":' '"0"' '}' '},' '"values":' '{' '"AnchorPeers":' '{' '"mod_policy":' '"Admins",' '"value":' '{' '"anchor_peers":' '[' '{' '"host":' '"peer0.org1.example.com",' '"port":' 7051 '}' ']' '},' '"version":' '"0"' '},' '"MSP":' '{' '"mod_policy":' '"",' '"value":' null, '"version":' '"0"' '}' '},' '"version":' '"1"' '}' '},' '"mod_policy":' '"",' '"policies":' '{},' '"values":' '{},' '"version":' '"0"' '}' '},' '"mod_policy":' '"",' '"policies":' '{},' '"values":' '{},' '"version":' '"0"' '}' '}}}}'
++ configtxlator proto_encode --input /home/runner/fabric-samples/test-network/channel-artifacts/config_update_in_envelope.json --type common.Envelope --output /home/runner/fabric-samples/test-network/channel-artifacts/Org1MSPanchors.tx
[34m2026-08-21 15:28:28.057 UTC 0001 INFO[0m [channelCmd] [34;1mInitCmdFactory[0m -> Endorser and orderer connections initialized
[34m2026-08-21 15:28:28.066 UTC 0002 INFO[0m [channelCmd] [34;1mupdate[0m -> Successfully submitted channel update
[0;32mAnchor peer set for org 'Org1MSP' on channel 'mychannel'[0m
[0;34mSetting anchor peer for org2...[0m
[0;34mUsing organization 2[0m
[0;34mFetching channel config for channel mychannel[0m
[0;34mUsing organization 2[0m
[0;34mFetching the most recent configuration block for the channel[0m
++ peer channel fetch config /home/runner/fabric-samples/test-network/channel-artifacts/config_block.pb -o localhost:7050 --ordererTLSHostnameOverride orderer.example.com -c mychannel --tls --cafile /home/runner/fabric-samples/test-network/organizations/ordererOrganizations/example.com/tlsca/tlsca.example.com-cert.pem
[34m2026-08-21 15:28:28.125 UTC 0001 INFO[0m [channelCmd] [34;1mInitCmdFactory[0m -> Endorser and orderer connections initialized
[34m2026-08-21 15:28:28.127 UTC 0002 INFO[0m [cli.common] [34;1mreadBlock[0m -> Received block: 1
[34m2026-08-21 15:28:28.127 UTC 0003 INFO[0m [channelCmd] [34;1mfetch[0m -> Retrieving last config block: 1
[34m2026-08-21 15:28:28.128 UTC 0004 INFO[0m [cli.common] [34;1mreadBlock[0m -> Received block: 1
[0;34mDecoding config block to JSON and isolating config to /home/runner/fabric-samples/test-network/channel-artifacts/Org2MSPconfig.json[0m
++ configtxlator proto_decode --input /home/runner/fabric-samples/test-network/channel-artifacts/config_block.pb --type common.Block --output /home/runner/fabric-samples/test-network/channel-artifacts/config_block.json
++ jq '.data.data[0].payload.data.config' /home/runner/fabric-samples/test-network/channel-artifacts/config_block.json
++ res=0
[0;34mGenerating anchor peer update transaction for Org2 on channel mychannel[0m
++ jq '.channel_group.groups.Application.groups.Org2MSP.values += {"AnchorPeers":{"mod_policy": "Admins","value":{"anchor_peers": [{"host": "peer0.org2.example.com","port": 9051}]},"version": "0"}}' /home/runner/fabric-samples/test-network/channel-artifacts/Org2MSPconfig.json
++ res=0
++ configtxlator proto_encode --input /home/runner/fabric-samples/test-network/channel-artifacts/Org2MSPconfig.json --type common.Config --output /home/runner/fabric-samples/test-network/channel-artifacts/original_config.pb
++ configtxlator proto_encode --input /home/runner/fabric-samples/test-network/channel-artifacts/Org2MSPmodified_config.json --type common.Config --output /home/runner/fabric-samples/test-network/channel-artifacts/modified_config.pb
++ configtxlator compute_update --channel_id mychannel --original /home/runner/fabric-samples/test-network/channel-artifacts/original_config.pb --updated /home/runner/fabric-samples/test-network/channel-artifacts/modified_config.pb --output /home/runner/fabric-samples/test-network/channel-artifacts/config_update.pb
++ configtxlator proto_decode --input /home/runner/fabric-samples/test-network/channel-artifacts/config_update.pb --type common.ConfigUpdate --output /home/runner/fabric-samples/test-network/channel-artifacts/config_update.json
++ jq .
+++ cat /home/runner/fabric-samples/test-network/channel-artifacts/config_update.json
++ echo '{"payload":{"header":{"channel_header":{"channel_id":"mychannel", "type":2}},"data":{"config_update":{' '"channel_id":' '"mychannel",' '"isolated_data":' '{},' '"read_set":' '{' '"groups":' '{' '"Application":' '{' '"groups":' '{' '"Org2MSP":' '{' '"groups":' '{},' '"mod_policy":' '"",' '"policies":' '{' '"Admins":' '{' '"mod_policy":' '"",' '"policy":' null, '"version":' '"0"' '},' '"Endorsement":' '{' '"mod_policy":' '"",' '"policy":' null, '"version":' '"0"' '},' '"Readers":' '{' '"mod_policy":' '"",' '"policy":' null, '"version":' '"0"' '},' '"Writers":' '{' '"mod_policy":' '"",' '"policy":' null, '"version":' '"0"' '}' '},' '"values":' '{' '"MSP":' '{' '"mod_policy":' '"",' '"value":' null, '"version":' '"0"' '}' '},' '"version":' '"0"' '}' '},' '"mod_policy":' '"",' '"policies":' '{},' '"values":' '{},' '"version":' '"0"' '}' '},' '"mod_policy":' '"",' '"policies":' '{},' '"values":' '{},' '"version":' '"0"' '},' '"write_set":' '{' '"groups":' '{' '"Application":' '{' '"groups":' '{' '"Org2MSP":' '{' '"groups":' '{},' '"mod_policy":' '"Admins",' '"policies":' '{' '"Admins":' '{' '"mod_policy":' '"",' '"policy":' null, '"version":' '"0"' '},' '"Endorsement":' '{' '"mod_policy":' '"",' '"policy":' null, '"version":' '"0"' '},' '"Readers":' '{' '"mod_policy":' '"",' '"policy":' null, '"version":' '"0"' '},' '"Writers":' '{' '"mod_policy":' '"",' '"policy":' null, '"version":' '"0"' '}' '},' '"values":' '{' '"AnchorPeers":' '{' '"mod_policy":' '"Admins",' '"value":' '{' '"anchor_peers":' '[' '{' '"host":' '"peer0.org2.example.com",' '"port":' 9051 '}' ']' '},' '"version":' '"0"' '},' '"MSP":' '{' '"mod_policy":' '"",' '"value":' null, '"version":' '"0"' '}' '},' '"version":' '"1"' '}' '},' '"mod_policy":' '"",' '"policies":' '{},' '"values":' '{},' '"version":' '"0"' '}' '},' '"mod_policy":' '"",' '"policies":' '{},' '"values":' '{},' '"version":' '"0"' '}' '}}}}'
++ configtxlator proto_encode --input /home/runner/fabric-samples/test-network/channel-artifacts/config_update_in_envelope.json --type common.Envelope --output /home/runner/fabric-samples/test-network/channel-artifacts/Org2MSPanchors.tx
[34m2026-08-21 15:28:28.255 UTC 0001 INFO[0m [channelCmd] [34;1mInitCmdFactory[0m -> Endorser and orderer connections initialized
[34m2026-08-21 15:28:28.266 UTC 0002 INFO[0m [channelCmd] [34;1mupdate[0m -> Successfully submitted channel update
[0;32mAnchor peer set for org 'Org2MSP' on channel 'mychannel'[0m
[0;32mChannel 'mychannel' joined[0m
   [0;32m✓[0m 2 orgs · channel mychannel

[1;33m══ 2/6  chaincode[0m
   [0;32m✓[0m compiles · dependencies vendored
[0;34mUsing docker and docker compose[0m
[0;34mdeploying chaincode on channel 'mychannel'[0m
executing with the following
- CHANNEL_NAME: [0;32mmychannel[0m
- CC_NAME: [0;32mevidence[0m
- CC_SRC_PATH: [0;32m/home/runner/work/Governance-aware-Supply-Chain-PoC/Governance-aware-Supply-Chain-PoC/chaincode/evidence[0m
- CC_SRC_LANGUAGE: [0;32mgo[0m
- CC_VERSION: [0;32m1.0[0m
- CC_SEQUENCE: [0;32mauto[0m
- CC_END_POLICY: [0;32mNA[0m
- CC_COLL_CONFIG: [0;32mNA[0m
- CC_INIT_FCN: [0;32mNA[0m
- DELAY: [0;32m3[0m
- MAX_RETRY: [0;32m5[0m
- VERBOSE: [0;32mfalse[0m
executing with the following
- CC_NAME: [0;32mevidence[0m
- CC_SRC_PATH: [0;32m/home/runner/work/Governance-aware-Supply-Chain-PoC/Governance-aware-Supply-Chain-PoC/chaincode/evidence[0m
- CC_SRC_LANGUAGE: [0;32mgo[0m
- CC_VERSION: [0;32m1.0[0m
[0;34mVendoring Go dependencies at /home/runner/work/Governance-aware-Supply-Chain-PoC/Governance-aware-Supply-Chain-PoC/chaincode/evidence[0m
~/work/Governance-aware-Supply-Chain-PoC/Governance-aware-Supply-Chain-PoC/chaincode/evidence ~/fabric-samples/test-network
~/fabric-samples/test-network
[0;32mFinished vendoring Go dependencies[0m
+ '[' false = true ']'
+ peer lifecycle chaincode package evidence.tar.gz --path /home/runner/work/Governance-aware-Supply-Chain-PoC/Governance-aware-Supply-Chain-PoC/chaincode/evidence --lang golang --label evidence_1.0
+ res=0
[0;32mChaincode is packaged[0m
[0;34mInstalling chaincode on peer0.org1...[0m
[0;34mUsing organization 1[0m
+ peer lifecycle chaincode queryinstalled --output json
+ grep '^evidence_1.0:44c25d2004c9f4715809463ee8c4ad06b97dbe7e3bdb92a5d7be97e624c2cd59$'
+ jq -r 'try (.installed_chaincodes[].package_id)'
+ test 1 -ne 0
+ peer lifecycle chaincode install evidence.tar.gz
+ res=0
[34m2026-08-21 15:28:59.200 UTC 0001 INFO[0m [cli.lifecycle.chaincode] [34;1msubmitInstallProposal[0m -> Installed remotely: response:<status:200 payload:"\nMevidence_1.0:44c25d2004c9f4715809463ee8c4ad06b97dbe7e3bdb92a5d7be97e624c2cd59\022\014evidence_1.0" > 
[34m2026-08-21 15:28:59.200 UTC 0002 INFO[0m [cli.lifecycle.chaincode] [34;1msubmitInstallProposal[0m -> Chaincode code package identifier: evidence_1.0:44c25d2004c9f4715809463ee8c4ad06b97dbe7e3bdb92a5d7be97e624c2cd59
[0;32mChaincode is installed on peer0.org1[0m
[0;34mInstall chaincode on peer0.org2...[0m
[0;34mUsing organization 2[0m
+ jq -r 'try (.installed_chaincodes[].package_id)'
+ peer lifecycle chaincode queryinstalled --output json
+ grep '^evidence_1.0:44c25d2004c9f4715809463ee8c4ad06b97dbe7e3bdb92a5d7be97e624c2cd59$'
+ test 1 -ne 0
+ peer lifecycle chaincode install evidence.tar.gz
+ res=0
[34m2026-08-21 15:29:20.201 UTC 0001 INFO[0m [cli.lifecycle.chaincode] [34;1msubmitInstallProposal[0m -> Installed remotely: response:<status:200 payload:"\nMevidence_1.0:44c25d2004c9f4715809463ee8c4ad06b97dbe7e3bdb92a5d7be97e624c2cd59\022\014evidence_1.0" > 
[34m2026-08-21 15:29:20.201 UTC 0002 INFO[0m [cli.lifecycle.chaincode] [34;1msubmitInstallProposal[0m -> Chaincode code package identifier: evidence_1.0:44c25d2004c9f4715809463ee8c4ad06b97dbe7e3bdb92a5d7be97e624c2cd59
[0;32mChaincode is installed on peer0.org2[0m
++ peer lifecycle chaincode querycommitted --channelID mychannel --name evidence
++ sed -n '/Version:/{s/.*Sequence: //; s/, Endorsement Plugin:.*$//; p;}'
Error: query failed with status: 404 - namespace evidence is not defined
+ COMMITTED_CC_SEQUENCE=
+ res=0
[0;34mUsing organization 1[0m
+ peer lifecycle chaincode queryinstalled --output json
+ jq -r 'try (.installed_chaincodes[].package_id)'
+ grep '^evidence_1.0:44c25d2004c9f4715809463ee8c4ad06b97dbe7e3bdb92a5d7be97e624c2cd59$'
+ res=0
evidence_1.0:44c25d2004c9f4715809463ee8c4ad06b97dbe7e3bdb92a5d7be97e624c2cd59
[0;32mQuery installed successful on peer0.org1 on channel[0m
[0;34mUsing organization 1[0m
+ peer lifecycle chaincode approveformyorg -o localhost:7050 --ordererTLSHostnameOverride orderer.example.com --tls --cafile /home/runner/fabric-samples/test-network/organizations/ordererOrganizations/example.com/tlsca/tlsca.example.com-cert.pem --channelID mychannel --name evidence --version 1.0 --package-id evidence_1.0:44c25d2004c9f4715809463ee8c4ad06b97dbe7e3bdb92a5d7be97e624c2cd59 --sequence 1
+ res=0
[34m2026-08-21 15:29:22.373 UTC 0001 INFO[0m [chaincodeCmd] [34;1mClientWait[0m -> txid [c4097f7f32895b1e41e30b1bb0ba8b46b195128ee87aa7d27e8082f11d9a8ad1] committed with status (VALID) at localhost:7051
[0;32mChaincode definition approved on peer0.org1 on channel 'mychannel'[0m
[0;34mUsing organization 1[0m
[0;34mChecking the commit readiness of the chaincode definition on peer0.org1 on channel 'mychannel'...[0m
[0;34mAttempting to check the commit readiness of the chaincode definition on peer0.org1, Retry after 3 seconds.[0m
+ peer lifecycle chaincode checkcommitreadiness --channelID mychannel --name evidence --version 1.0 --sequence 1 --output json
+ res=0
{
	"approvals": {
		"Org1MSP": true,
		"Org2MSP": false
	}
}
[0;34mChecking the commit readiness of the chaincode definition successful on peer0.org1 on channel 'mychannel'[0m
[0;34mUsing organization 2[0m
[0;34mChecking the commit readiness of the chaincode definition on peer0.org2 on channel 'mychannel'...[0m
[0;34mAttempting to check the commit readiness of the chaincode definition on peer0.org2, Retry after 3 seconds.[0m
+ peer lifecycle chaincode checkcommitreadiness --channelID mychannel --name evidence --version 1.0 --sequence 1 --output json
+ res=0
{
	"approvals": {
		"Org1MSP": true,
		"Org2MSP": false
	}
}
[0;34mChecking the commit readiness of the chaincode definition successful on peer0.org2 on channel 'mychannel'[0m
[0;34mUsing organization 2[0m
+ peer lifecycle chaincode approveformyorg -o localhost:7050 --ordererTLSHostnameOverride orderer.example.com --tls --cafile /home/runner/fabric-samples/test-network/organizations/ordererOrganizations/example.com/tlsca/tlsca.example.com-cert.pem --channelID mychannel --name evidence --version 1.0 --package-id evidence_1.0:44c25d2004c9f4715809463ee8c4ad06b97dbe7e3bdb92a5d7be97e624c2cd59 --sequence 1
+ res=0
[34m2026-08-21 15:29:30.555 UTC 0001 INFO[0m [chaincodeCmd] [34;1mClientWait[0m -> txid [4705ecb0ffde07dcc116f1150d58e21e045a108e5b9f2eebb461bc67feee83c9] committed with status (VALID) at localhost:9051
[0;32mChaincode definition approved on peer0.org2 on channel 'mychannel'[0m
[0;34mUsing organization 1[0m
[0;34mChecking the commit readiness of the chaincode definition on peer0.org1 on channel 'mychannel'...[0m
[0;34mAttempting to check the commit readiness of the chaincode definition on peer0.org1, Retry after 3 seconds.[0m
+ peer lifecycle chaincode checkcommitreadiness --channelID mychannel --name evidence --version 1.0 --sequence 1 --output json
+ res=0
{
	"approvals": {
		"Org1MSP": true,
		"Org2MSP": true
	}
}
[0;34mChecking the commit readiness of the chaincode definition successful on peer0.org1 on channel 'mychannel'[0m
[0;34mUsing organization 2[0m
[0;34mChecking the commit readiness of the chaincode definition on peer0.org2 on channel 'mychannel'...[0m
[0;34mAttempting to check the commit readiness of the chaincode definition on peer0.org2, Retry after 3 seconds.[0m
+ peer lifecycle chaincode checkcommitreadiness --channelID mychannel --name evidence --version 1.0 --sequence 1 --output json
+ res=0
{
	"approvals": {
		"Org1MSP": true,
		"Org2MSP": true
	}
}
[0;34mChecking the commit readiness of the chaincode definition successful on peer0.org2 on channel 'mychannel'[0m
[0;34mUsing organization 1[0m
[0;34mUsing organization 2[0m
+ peer lifecycle chaincode commit -o localhost:7050 --ordererTLSHostnameOverride orderer.example.com --tls --cafile /home/runner/fabric-samples/test-network/organizations/ordererOrganizations/example.com/tlsca/tlsca.example.com-cert.pem --channelID mychannel --name evidence --peerAddresses localhost:7051 --tlsRootCertFiles /home/runner/fabric-samples/test-network/organizations/peerOrganizations/org1.example.com/tlsca/tlsca.org1.example.com-cert.pem --peerAddresses localhost:9051 --tlsRootCertFiles /home/runner/fabric-samples/test-network/organizations/peerOrganizations/org2.example.com/tlsca/tlsca.org2.example.com-cert.pem --version 1.0 --sequence 1
+ res=0
[34m2026-08-21 15:29:39.046 UTC 0001 INFO[0m [chaincodeCmd] [34;1mClientWait[0m -> txid [088cbd3837cf53b37e9cb89a45346e1b19353c2d4204296a6b80f628c83b8883] committed with status (VALID) at localhost:9051
[34m2026-08-21 15:29:39.055 UTC 0002 INFO[0m [chaincodeCmd] [34;1mClientWait[0m -> txid [088cbd3837cf53b37e9cb89a45346e1b19353c2d4204296a6b80f628c83b8883] committed with status (VALID) at localhost:7051
[0;32mChaincode definition committed on channel 'mychannel'[0m
[0;34mUsing organization 1[0m
[0;34mQuerying chaincode definition on peer0.org1 on channel 'mychannel'...[0m
[0;34mAttempting to Query committed status on peer0.org1, Retry after 3 seconds.[0m
+ peer lifecycle chaincode querycommitted --channelID mychannel --name evidence
+ res=0
Committed chaincode definition for chaincode 'evidence' on channel 'mychannel':
Version: 1.0, Sequence: 1, Endorsement Plugin: escc, Validation Plugin: vscc, Approvals: [Org1MSP: true, Org2MSP: true]
[0;32mQuery chaincode definition successful on peer0.org1 on channel 'mychannel'[0m
[0;34mUsing organization 2[0m
[0;34mQuerying chaincode definition on peer0.org2 on channel 'mychannel'...[0m
[0;34mAttempting to Query committed status on peer0.org2, Retry after 3 seconds.[0m
+ peer lifecycle chaincode querycommitted --channelID mychannel --name evidence
+ res=0
Committed chaincode definition for chaincode 'evidence' on channel 'mychannel':
Version: 1.0, Sequence: 1, Endorsement Plugin: escc, Validation Plugin: vscc, Approvals: [Org1MSP: true, Org2MSP: true]
[0;32mQuery chaincode definition successful on peer0.org2 on channel 'mychannel'[0m
[0;34mChaincode initialization is not required[0m
   [0;32m✓[0m deployed as 'evidence'

[1;33m══ 3/6  off-ledger payload store[0m
   [0;32m✓[0m listening on :4000

[1;33m══ 4/6  adapters and fixtures[0m
fixtures written: 17 events → /home/runner/work/Governance-aware-Supply-Chain-PoC/Governance-aware-Supply-Chain-PoC/adapters/fixtures
   [0;32m✓[0m 17 events across 5 source systems

[1;33m══ 5/6  scenarios[0m
   [0;32m✓[0m chaincode responding

[1;37m════ S0 · totality precondition (no policy in force) ════[0m
   [0;31m✗[0m C1 rejected as designed → INVARIANT VIOLATION [totality]: no governance policy is active at submission time 2026-08-21T15:29:46Z; every accepted header must bind exactly one policy hash
   [0;32m✓[0m captured → results/S0_totality_rejection.txt

[1;37m════ governance · anchor policy v1.0 ════[0m
   [1;33m⟐[0m policy v1.0 anchored · sha256 aaf3673cce90… · effectiveFrom 2026-08-21T15:28:46Z
{"version":"v1.0","hash":"aaf3673cce9034ff14bfd28982d4149012243e590223af47f2210023d6889788","effectiveFrom":"2026-08-21T15:28:46Z"}

[1;37m════ S1 · recall investigation (LOT-C) ════[0m

[1;36m▸ chain: two Creates (ERP) → Transform (MES) → Transfer (TMS/WMS) → Verify (LIMS) → Recall[0m
   [0;32m✓[0m C1 anchored · payload 9bd30e97f4a9… · bound v1.0 · aaf3673cce90…
   [0;32m✓[0m C2 anchored · payload 6c4168cfa63c… · bound v1.0 · aaf3673cce90…
   [0;32m✓[0m T1 anchored · payload 46e88e320378… · bound v1.0 · aaf3673cce90…
   [0;32m✓[0m TR1 anchored · payload babe3cf731d1… · bound v1.0 · aaf3673cce90…
   [0;32m✓[0m V1 anchored · payload 7c9538ca27dd… · bound v1.0 · aaf3673cce90…

[1;36m▸ negative test 1 — Transfer by a non-custodian (expect: custody continuity)[0m
   [0;31m✗[0m TR-X rejected as designed → INVARIANT VIOLATION [custody continuity]: Transfer of asset "LOT-C" submitted by "Retailer", but current custodian is "Carrier"; only the current custodian may record a transfer

[1;36m▸ recall[0m
   [0;32m✓[0m R1 anchored · payload 97cf64078870… · bound v1.0 · aaf3673cce90…

[1;36m▸ negative test 2 — Transfer of a recalled lot (expect: recall lock)[0m
   [0;31m✗[0m TR2 rejected as designed → INVARIANT VIOLATION [recall lock]: asset "LOT-C" is under recall; further transfers are blocked until the recall is cleared

[1;36m▸ lineage reconstruction[0m
   [0;32m✓[0m nodes 6 · edges 5 · originCreates ["C1","C2"] → results/S1_lineage.json

[1;36m▸ Table 3 — observed results, per source system[0m
  C1	Create	Producer	v1.0
  C2	Create	Producer	v1.0
  T1	Transform	Processor	v1.0
  TR1	Transfer	Processor	v1.0
  V1	Verify	Laboratory	v1.0
  R1	Recall	Retailer	v1.0
   [0;32m✓[0m → results/S1_table3_observed.json

[1;37m════ S2 · regulatory audit (LOT-D) ════[0m

[1;36m▸ four-event chain: Create (ERP) → Transfer (TMS) → Verify (LIMS) → Transfer (TMS)[0m
   [0;32m✓[0m D1 anchored · payload 31bd11dcb079… · bound v1.0 · aaf3673cce90…
   [0;32m✓[0m TD1 anchored · payload 8b1e0c3107a4… · bound v1.0 · aaf3673cce90…
   [0;32m✓[0m VD1 anchored · payload 6e6f63a6ac83… · bound v1.0 · aaf3673cce90…
   [0;32m✓[0m TD2 anchored · payload 3643c150b006… · bound v1.0 · aaf3673cce90…

[1;36m▸ audit pack generation (role: authority)[0m
   [0;32m✓[0m audit pack · 4 events · policy v1.0 · payloads 4/4 PASS · 377 ms → results/S2_auditpack.json

[1;36m▸ product passport[0m
   [0;32m✓[0m passport · custodian Retailer · 1 attestation(s) · policy v1.0 → results/S2_passport.json

[1;36m▸ tamper test (draft edit E3)[0m
   [0;31m✗[0m verification FAIL after tampering → tamper detected · results/S2_tamper.txt

[1;37m════ S3 · policy update and per-record binding (LOT-E) ════[0m

[1;36m▸ three records under policy v1.0[0m
   [0;32m✓[0m S3-R1 anchored · payload a8b3de46f9e7… · bound v1.0 · aaf3673cce90…
   [0;32m✓[0m S3-R2 anchored · payload 81e0bf06c78c… · bound v1.0 · aaf3673cce90…
   [0;32m✓[0m S3-R3 anchored · payload bbc41e43e549… · bound v1.0 · aaf3673cce90…

[1;36m▸ governance change — anchor policy v2.0, effective now[0m
   [1;33m⟐[0m policy v2.0 anchored · sha256 f65b7a6422ad… · effectiveFrom 2026-08-21T15:30:34Z

[1;36m▸ two records under policy v2.0[0m
   [0;32m✓[0m S3-R4 anchored · payload 74fcc3e5f696… · bound v2.0 · f65b7a6422ad…
   [0;32m✓[0m S3-R5 anchored · payload 2d014c7cafe8… · bound v2.0 · f65b7a6422ad…

[1;36m▸ Table 4 — per-record binding verification[0m
   record   submittedAt            policy  hash          correct
   S3-R1    2026-08-21T15:30:22Z   v1.0   aaf3673cce90…  [0;32m✓[0m
   S3-R2    2026-08-21T15:30:26Z   v1.0   aaf3673cce90…  [0;32m✓[0m
   S3-R3    2026-08-21T15:30:29Z   v1.0   aaf3673cce90…  [0;32m✓[0m
   S3-R4    2026-08-21T15:30:38Z   v2.0   f65b7a6422ad…  [0;32m✓[0m
   S3-R5    2026-08-21T15:30:41Z   v2.0   f65b7a6422ad…  [0;32m✓[0m
   recompute v1.0: [0;32m✓ matches anchored hash[0m
   recompute v2.0: [0;32m✓ matches anchored hash[0m
   [0;32m✓[0m → results/S3_table4_bindings.json

[1;33m══ 6/6  artifacts[0m

[1;37m════ summarize ════[0m
   [0;32m✓[0m replay feed · S1 12 beats · S2 9 · S3 9 → results/replay.json
   [0;32m✓[0m → results/feasibility_summary.md

\033[1;32m════ run complete ════\033[0m
  artifacts   : /home/runner/work/Governance-aware-Supply-Chain-PoC/Governance-aware-Supply-Chain-PoC/results/
  paper text  : results/feasibility_summary.md
  console feed: results/replay.json  → drop onto console/replay.html

  stop the network:  ./run-all.sh --down
