
[1;33m══ 1/6  Fabric test network[0m
[0;34mUsing docker and docker compose[0m
[0;34mCreating channel 'mychannel'.[0m
[0;34mIf network is not up, starting nodes with CLI timeout of '5' tries and CLI delay of '3' seconds and using database 'leveldb with crypto from 'Certificate Authorities'[0m
[0;34mBringing up network[0m
[0;34mLOCAL_VERSION=v2.5.9[0m
[0;34mDOCKER_IMAGE_VERSION=v2.5.9[0m
[0;34mCA_LOCAL_VERSION=v1.5.13[0m
[0;34mCA_DOCKER_IMAGE_VERSION=v1.5.13[0m
[0;34mGenerating certificates using Fabric CA[0m
 Network fabric_test  Creating
 Network fabric_test  Created
 Container ca_orderer  Creating
 Container ca_org1  Creating
 Container ca_org2  Creating
 Container ca_org2  Created
 Container ca_orderer  Created
 Container ca_org1  Created
 Container ca_org1  Starting
 Container ca_org2  Starting
 Container ca_orderer  Starting
 Container ca_orderer  Started
 Container ca_org2  Started
 Container ca_org1  Started
+ fabric-ca-client getcainfo -u https://admin:adminpw@localhost:7054 --caname ca-org1 --tls.certfiles /home/runner/fabric-samples/test-network/organizations/fabric-ca/org1/ca-cert.pem
2026/08/28 17:31:24 [INFO] Configuration file location: /home/runner/fabric-samples/test-network/organizations/peerOrganizations/org1.example.com/fabric-ca-client-config.yaml
2026/08/28 17:31:24 [INFO] TLS Enabled
2026/08/28 17:31:24 [INFO] Stored root CA certificate at /home/runner/fabric-samples/test-network/organizations/peerOrganizations/org1.example.com/msp/cacerts/localhost-7054-ca-org1.pem
2026/08/28 17:31:24 [INFO] Stored Issuer public key at /home/runner/fabric-samples/test-network/organizations/peerOrganizations/org1.example.com/msp/IssuerPublicKey
2026/08/28 17:31:24 [INFO] Stored Issuer revocation public key at /home/runner/fabric-samples/test-network/organizations/peerOrganizations/org1.example.com/msp/IssuerRevocationPublicKey
+ res=0
[0;34mCreating Org1 Identities[0m
[0;34mEnrolling the CA admin[0m
+ fabric-ca-client enroll -u https://admin:adminpw@localhost:7054 --caname ca-org1 --tls.certfiles /home/runner/fabric-samples/test-network/organizations/fabric-ca/org1/ca-cert.pem
2026/08/28 17:31:24 [INFO] Created a default configuration file at /home/runner/fabric-samples/test-network/organizations/peerOrganizations/org1.example.com/fabric-ca-client-config.yaml
2026/08/28 17:31:24 [INFO] TLS Enabled
2026/08/28 17:31:24 [INFO] generating key: &{A:ecdsa S:256}
2026/08/28 17:31:24 [INFO] encoded CSR
2026/08/28 17:31:24 [INFO] Stored client certificate at /home/runner/fabric-samples/test-network/organizations/peerOrganizations/org1.example.com/msp/signcerts/cert.pem
2026/08/28 17:31:24 [INFO] Stored root CA certificate at /home/runner/fabric-samples/test-network/organizations/peerOrganizations/org1.example.com/msp/cacerts/localhost-7054-ca-org1.pem
2026/08/28 17:31:24 [INFO] Stored Issuer public key at /home/runner/fabric-samples/test-network/organizations/peerOrganizations/org1.example.com/msp/IssuerPublicKey
2026/08/28 17:31:24 [INFO] Stored Issuer revocation public key at /home/runner/fabric-samples/test-network/organizations/peerOrganizations/org1.example.com/msp/IssuerRevocationPublicKey
[0;34mRegistering peer0[0m
+ fabric-ca-client register --caname ca-org1 --id.name peer0 --id.secret peer0pw --id.type peer --tls.certfiles /home/runner/fabric-samples/test-network/organizations/fabric-ca/org1/ca-cert.pem
2026/08/28 17:31:24 [INFO] Configuration file location: /home/runner/fabric-samples/test-network/organizations/peerOrganizations/org1.example.com/fabric-ca-client-config.yaml
2026/08/28 17:31:24 [INFO] TLS Enabled
2026/08/28 17:31:24 [INFO] TLS Enabled
Password: peer0pw
[0;34mRegistering user[0m
+ fabric-ca-client register --caname ca-org1 --id.name user1 --id.secret user1pw --id.type client --tls.certfiles /home/runner/fabric-samples/test-network/organizations/fabric-ca/org1/ca-cert.pem
2026/08/28 17:31:24 [INFO] Configuration file location: /home/runner/fabric-samples/test-network/organizations/peerOrganizations/org1.example.com/fabric-ca-client-config.yaml
2026/08/28 17:31:24 [INFO] TLS Enabled
2026/08/28 17:31:24 [INFO] TLS Enabled
Password: user1pw
[0;34mRegistering the org admin[0m
+ fabric-ca-client register --caname ca-org1 --id.name org1admin --id.secret org1adminpw --id.type admin --tls.certfiles /home/runner/fabric-samples/test-network/organizations/fabric-ca/org1/ca-cert.pem
2026/08/28 17:31:24 [INFO] Configuration file location: /home/runner/fabric-samples/test-network/organizations/peerOrganizations/org1.example.com/fabric-ca-client-config.yaml
2026/08/28 17:31:24 [INFO] TLS Enabled
2026/08/28 17:31:24 [INFO] TLS Enabled
Password: org1adminpw
[0;34mGenerating the peer0 msp[0m
+ fabric-ca-client enroll -u https://peer0:peer0pw@localhost:7054 --caname ca-org1 -M /home/runner/fabric-samples/test-network/organizations/peerOrganizations/org1.example.com/peers/peer0.org1.example.com/msp --tls.certfiles /home/runner/fabric-samples/test-network/organizations/fabric-ca/org1/ca-cert.pem
2026/08/28 17:31:24 [INFO] TLS Enabled
2026/08/28 17:31:24 [INFO] generating key: &{A:ecdsa S:256}
2026/08/28 17:31:24 [INFO] encoded CSR
2026/08/28 17:31:24 [INFO] Stored client certificate at /home/runner/fabric-samples/test-network/organizations/peerOrganizations/org1.example.com/peers/peer0.org1.example.com/msp/signcerts/cert.pem
2026/08/28 17:31:24 [INFO] Stored root CA certificate at /home/runner/fabric-samples/test-network/organizations/peerOrganizations/org1.example.com/peers/peer0.org1.example.com/msp/cacerts/localhost-7054-ca-org1.pem
2026/08/28 17:31:24 [INFO] Stored Issuer public key at /home/runner/fabric-samples/test-network/organizations/peerOrganizations/org1.example.com/peers/peer0.org1.example.com/msp/IssuerPublicKey
2026/08/28 17:31:24 [INFO] Stored Issuer revocation public key at /home/runner/fabric-samples/test-network/organizations/peerOrganizations/org1.example.com/peers/peer0.org1.example.com/msp/IssuerRevocationPublicKey
[0;34mGenerating the peer0-tls certificates, use --csr.hosts to specify Subject Alternative Names[0m
+ fabric-ca-client enroll -u https://peer0:peer0pw@localhost:7054 --caname ca-org1 -M /home/runner/fabric-samples/test-network/organizations/peerOrganizations/org1.example.com/peers/peer0.org1.example.com/tls --enrollment.profile tls --csr.hosts peer0.org1.example.com --csr.hosts localhost --tls.certfiles /home/runner/fabric-samples/test-network/organizations/fabric-ca/org1/ca-cert.pem
2026/08/28 17:31:24 [INFO] TLS Enabled
2026/08/28 17:31:24 [INFO] generating key: &{A:ecdsa S:256}
2026/08/28 17:31:24 [INFO] encoded CSR
2026/08/28 17:31:25 [INFO] Stored client certificate at /home/runner/fabric-samples/test-network/organizations/peerOrganizations/org1.example.com/peers/peer0.org1.example.com/tls/signcerts/cert.pem
2026/08/28 17:31:25 [INFO] Stored TLS root CA certificate at /home/runner/fabric-samples/test-network/organizations/peerOrganizations/org1.example.com/peers/peer0.org1.example.com/tls/tlscacerts/tls-localhost-7054-ca-org1.pem
2026/08/28 17:31:25 [INFO] Stored Issuer public key at /home/runner/fabric-samples/test-network/organizations/peerOrganizations/org1.example.com/peers/peer0.org1.example.com/tls/IssuerPublicKey
2026/08/28 17:31:25 [INFO] Stored Issuer revocation public key at /home/runner/fabric-samples/test-network/organizations/peerOrganizations/org1.example.com/peers/peer0.org1.example.com/tls/IssuerRevocationPublicKey
[0;34mGenerating the user msp[0m
+ fabric-ca-client enroll -u https://user1:user1pw@localhost:7054 --caname ca-org1 -M /home/runner/fabric-samples/test-network/organizations/peerOrganizations/org1.example.com/users/User1@org1.example.com/msp --tls.certfiles /home/runner/fabric-samples/test-network/organizations/fabric-ca/org1/ca-cert.pem
2026/08/28 17:31:25 [INFO] TLS Enabled
2026/08/28 17:31:25 [INFO] generating key: &{A:ecdsa S:256}
2026/08/28 17:31:25 [INFO] encoded CSR
2026/08/28 17:31:25 [INFO] Stored client certificate at /home/runner/fabric-samples/test-network/organizations/peerOrganizations/org1.example.com/users/User1@org1.example.com/msp/signcerts/cert.pem
2026/08/28 17:31:25 [INFO] Stored root CA certificate at /home/runner/fabric-samples/test-network/organizations/peerOrganizations/org1.example.com/users/User1@org1.example.com/msp/cacerts/localhost-7054-ca-org1.pem
2026/08/28 17:31:25 [INFO] Stored Issuer public key at /home/runner/fabric-samples/test-network/organizations/peerOrganizations/org1.example.com/users/User1@org1.example.com/msp/IssuerPublicKey
2026/08/28 17:31:25 [INFO] Stored Issuer revocation public key at /home/runner/fabric-samples/test-network/organizations/peerOrganizations/org1.example.com/users/User1@org1.example.com/msp/IssuerRevocationPublicKey
[0;34mGenerating the org admin msp[0m
+ fabric-ca-client enroll -u https://org1admin:org1adminpw@localhost:7054 --caname ca-org1 -M /home/runner/fabric-samples/test-network/organizations/peerOrganizations/org1.example.com/users/Admin@org1.example.com/msp --tls.certfiles /home/runner/fabric-samples/test-network/organizations/fabric-ca/org1/ca-cert.pem
2026/08/28 17:31:25 [INFO] TLS Enabled
2026/08/28 17:31:25 [INFO] generating key: &{A:ecdsa S:256}
2026/08/28 17:31:25 [INFO] encoded CSR
2026/08/28 17:31:25 [INFO] Stored client certificate at /home/runner/fabric-samples/test-network/organizations/peerOrganizations/org1.example.com/users/Admin@org1.example.com/msp/signcerts/cert.pem
2026/08/28 17:31:25 [INFO] Stored root CA certificate at /home/runner/fabric-samples/test-network/organizations/peerOrganizations/org1.example.com/users/Admin@org1.example.com/msp/cacerts/localhost-7054-ca-org1.pem
2026/08/28 17:31:25 [INFO] Stored Issuer public key at /home/runner/fabric-samples/test-network/organizations/peerOrganizations/org1.example.com/users/Admin@org1.example.com/msp/IssuerPublicKey
2026/08/28 17:31:25 [INFO] Stored Issuer revocation public key at /home/runner/fabric-samples/test-network/organizations/peerOrganizations/org1.example.com/users/Admin@org1.example.com/msp/IssuerRevocationPublicKey
[0;34mCreating Org2 Identities[0m
[0;34mEnrolling the CA admin[0m
+ fabric-ca-client enroll -u https://admin:adminpw@localhost:8054 --caname ca-org2 --tls.certfiles /home/runner/fabric-samples/test-network/organizations/fabric-ca/org2/ca-cert.pem
2026/08/28 17:31:25 [INFO] Created a default configuration file at /home/runner/fabric-samples/test-network/organizations/peerOrganizations/org2.example.com/fabric-ca-client-config.yaml
2026/08/28 17:31:25 [INFO] TLS Enabled
2026/08/28 17:31:25 [INFO] generating key: &{A:ecdsa S:256}
2026/08/28 17:31:25 [INFO] encoded CSR
2026/08/28 17:31:25 [INFO] Stored client certificate at /home/runner/fabric-samples/test-network/organizations/peerOrganizations/org2.example.com/msp/signcerts/cert.pem
2026/08/28 17:31:25 [INFO] Stored root CA certificate at /home/runner/fabric-samples/test-network/organizations/peerOrganizations/org2.example.com/msp/cacerts/localhost-8054-ca-org2.pem
2026/08/28 17:31:25 [INFO] Stored Issuer public key at /home/runner/fabric-samples/test-network/organizations/peerOrganizations/org2.example.com/msp/IssuerPublicKey
2026/08/28 17:31:25 [INFO] Stored Issuer revocation public key at /home/runner/fabric-samples/test-network/organizations/peerOrganizations/org2.example.com/msp/IssuerRevocationPublicKey
[0;34mRegistering peer0[0m
+ fabric-ca-client register --caname ca-org2 --id.name peer0 --id.secret peer0pw --id.type peer --tls.certfiles /home/runner/fabric-samples/test-network/organizations/fabric-ca/org2/ca-cert.pem
2026/08/28 17:31:25 [INFO] Configuration file location: /home/runner/fabric-samples/test-network/organizations/peerOrganizations/org2.example.com/fabric-ca-client-config.yaml
2026/08/28 17:31:25 [INFO] TLS Enabled
2026/08/28 17:31:25 [INFO] TLS Enabled
Password: peer0pw
[0;34mRegistering user[0m
+ fabric-ca-client register --caname ca-org2 --id.name user1 --id.secret user1pw --id.type client --tls.certfiles /home/runner/fabric-samples/test-network/organizations/fabric-ca/org2/ca-cert.pem
2026/08/28 17:31:25 [INFO] Configuration file location: /home/runner/fabric-samples/test-network/organizations/peerOrganizations/org2.example.com/fabric-ca-client-config.yaml
2026/08/28 17:31:25 [INFO] TLS Enabled
2026/08/28 17:31:25 [INFO] TLS Enabled
Password: user1pw
[0;34mRegistering the org admin[0m
+ fabric-ca-client register --caname ca-org2 --id.name org2admin --id.secret org2adminpw --id.type admin --tls.certfiles /home/runner/fabric-samples/test-network/organizations/fabric-ca/org2/ca-cert.pem
2026/08/28 17:31:25 [INFO] Configuration file location: /home/runner/fabric-samples/test-network/organizations/peerOrganizations/org2.example.com/fabric-ca-client-config.yaml
2026/08/28 17:31:25 [INFO] TLS Enabled
2026/08/28 17:31:25 [INFO] TLS Enabled
Password: org2adminpw
[0;34mGenerating the peer0 msp[0m
+ fabric-ca-client enroll -u https://peer0:peer0pw@localhost:8054 --caname ca-org2 -M /home/runner/fabric-samples/test-network/organizations/peerOrganizations/org2.example.com/peers/peer0.org2.example.com/msp --tls.certfiles /home/runner/fabric-samples/test-network/organizations/fabric-ca/org2/ca-cert.pem
2026/08/28 17:31:25 [INFO] TLS Enabled
2026/08/28 17:31:25 [INFO] generating key: &{A:ecdsa S:256}
2026/08/28 17:31:25 [INFO] encoded CSR
2026/08/28 17:31:25 [INFO] Stored client certificate at /home/runner/fabric-samples/test-network/organizations/peerOrganizations/org2.example.com/peers/peer0.org2.example.com/msp/signcerts/cert.pem
2026/08/28 17:31:25 [INFO] Stored root CA certificate at /home/runner/fabric-samples/test-network/organizations/peerOrganizations/org2.example.com/peers/peer0.org2.example.com/msp/cacerts/localhost-8054-ca-org2.pem
2026/08/28 17:31:25 [INFO] Stored Issuer public key at /home/runner/fabric-samples/test-network/organizations/peerOrganizations/org2.example.com/peers/peer0.org2.example.com/msp/IssuerPublicKey
2026/08/28 17:31:25 [INFO] Stored Issuer revocation public key at /home/runner/fabric-samples/test-network/organizations/peerOrganizations/org2.example.com/peers/peer0.org2.example.com/msp/IssuerRevocationPublicKey
[0;34mGenerating the peer0-tls certificates, use --csr.hosts to specify Subject Alternative Names[0m
+ fabric-ca-client enroll -u https://peer0:peer0pw@localhost:8054 --caname ca-org2 -M /home/runner/fabric-samples/test-network/organizations/peerOrganizations/org2.example.com/peers/peer0.org2.example.com/tls --enrollment.profile tls --csr.hosts peer0.org2.example.com --csr.hosts localhost --tls.certfiles /home/runner/fabric-samples/test-network/organizations/fabric-ca/org2/ca-cert.pem
2026/08/28 17:31:25 [INFO] TLS Enabled
2026/08/28 17:31:25 [INFO] generating key: &{A:ecdsa S:256}
2026/08/28 17:31:25 [INFO] encoded CSR
2026/08/28 17:31:25 [INFO] Stored client certificate at /home/runner/fabric-samples/test-network/organizations/peerOrganizations/org2.example.com/peers/peer0.org2.example.com/tls/signcerts/cert.pem
2026/08/28 17:31:25 [INFO] Stored TLS root CA certificate at /home/runner/fabric-samples/test-network/organizations/peerOrganizations/org2.example.com/peers/peer0.org2.example.com/tls/tlscacerts/tls-localhost-8054-ca-org2.pem
2026/08/28 17:31:25 [INFO] Stored Issuer public key at /home/runner/fabric-samples/test-network/organizations/peerOrganizations/org2.example.com/peers/peer0.org2.example.com/tls/IssuerPublicKey
2026/08/28 17:31:25 [INFO] Stored Issuer revocation public key at /home/runner/fabric-samples/test-network/organizations/peerOrganizations/org2.example.com/peers/peer0.org2.example.com/tls/IssuerRevocationPublicKey
[0;34mGenerating the user msp[0m
+ fabric-ca-client enroll -u https://user1:user1pw@localhost:8054 --caname ca-org2 -M /home/runner/fabric-samples/test-network/organizations/peerOrganizations/org2.example.com/users/User1@org2.example.com/msp --tls.certfiles /home/runner/fabric-samples/test-network/organizations/fabric-ca/org2/ca-cert.pem
2026/08/28 17:31:25 [INFO] TLS Enabled
2026/08/28 17:31:25 [INFO] generating key: &{A:ecdsa S:256}
2026/08/28 17:31:25 [INFO] encoded CSR
2026/08/28 17:31:26 [INFO] Stored client certificate at /home/runner/fabric-samples/test-network/organizations/peerOrganizations/org2.example.com/users/User1@org2.example.com/msp/signcerts/cert.pem
2026/08/28 17:31:26 [INFO] Stored root CA certificate at /home/runner/fabric-samples/test-network/organizations/peerOrganizations/org2.example.com/users/User1@org2.example.com/msp/cacerts/localhost-8054-ca-org2.pem
2026/08/28 17:31:26 [INFO] Stored Issuer public key at /home/runner/fabric-samples/test-network/organizations/peerOrganizations/org2.example.com/users/User1@org2.example.com/msp/IssuerPublicKey
2026/08/28 17:31:26 [INFO] Stored Issuer revocation public key at /home/runner/fabric-samples/test-network/organizations/peerOrganizations/org2.example.com/users/User1@org2.example.com/msp/IssuerRevocationPublicKey
[0;34mGenerating the org admin msp[0m
+ fabric-ca-client enroll -u https://org2admin:org2adminpw@localhost:8054 --caname ca-org2 -M /home/runner/fabric-samples/test-network/organizations/peerOrganizations/org2.example.com/users/Admin@org2.example.com/msp --tls.certfiles /home/runner/fabric-samples/test-network/organizations/fabric-ca/org2/ca-cert.pem
2026/08/28 17:31:26 [INFO] TLS Enabled
2026/08/28 17:31:26 [INFO] generating key: &{A:ecdsa S:256}
2026/08/28 17:31:26 [INFO] encoded CSR
2026/08/28 17:31:26 [INFO] Stored client certificate at /home/runner/fabric-samples/test-network/organizations/peerOrganizations/org2.example.com/users/Admin@org2.example.com/msp/signcerts/cert.pem
2026/08/28 17:31:26 [INFO] Stored root CA certificate at /home/runner/fabric-samples/test-network/organizations/peerOrganizations/org2.example.com/users/Admin@org2.example.com/msp/cacerts/localhost-8054-ca-org2.pem
2026/08/28 17:31:26 [INFO] Stored Issuer public key at /home/runner/fabric-samples/test-network/organizations/peerOrganizations/org2.example.com/users/Admin@org2.example.com/msp/IssuerPublicKey
2026/08/28 17:31:26 [INFO] Stored Issuer revocation public key at /home/runner/fabric-samples/test-network/organizations/peerOrganizations/org2.example.com/users/Admin@org2.example.com/msp/IssuerRevocationPublicKey
[0;34mCreating Orderer Org Identities[0m
[0;34mEnrolling the CA admin[0m
+ fabric-ca-client enroll -u https://admin:adminpw@localhost:9054 --caname ca-orderer --tls.certfiles /home/runner/fabric-samples/test-network/organizations/fabric-ca/ordererOrg/ca-cert.pem
2026/08/28 17:31:26 [INFO] Created a default configuration file at /home/runner/fabric-samples/test-network/organizations/ordererOrganizations/example.com/fabric-ca-client-config.yaml
2026/08/28 17:31:26 [INFO] TLS Enabled
2026/08/28 17:31:26 [INFO] generating key: &{A:ecdsa S:256}
2026/08/28 17:31:26 [INFO] encoded CSR
2026/08/28 17:31:26 [INFO] Stored client certificate at /home/runner/fabric-samples/test-network/organizations/ordererOrganizations/example.com/msp/signcerts/cert.pem
2026/08/28 17:31:26 [INFO] Stored root CA certificate at /home/runner/fabric-samples/test-network/organizations/ordererOrganizations/example.com/msp/cacerts/localhost-9054-ca-orderer.pem
2026/08/28 17:31:26 [INFO] Stored Issuer public key at /home/runner/fabric-samples/test-network/organizations/ordererOrganizations/example.com/msp/IssuerPublicKey
2026/08/28 17:31:26 [INFO] Stored Issuer revocation public key at /home/runner/fabric-samples/test-network/organizations/ordererOrganizations/example.com/msp/IssuerRevocationPublicKey
[0;34mRegistering orderer[0m
+ fabric-ca-client register --caname ca-orderer --id.name orderer --id.secret ordererpw --id.type orderer --tls.certfiles /home/runner/fabric-samples/test-network/organizations/fabric-ca/ordererOrg/ca-cert.pem
2026/08/28 17:31:26 [INFO] Configuration file location: /home/runner/fabric-samples/test-network/organizations/ordererOrganizations/example.com/fabric-ca-client-config.yaml
2026/08/28 17:31:26 [INFO] TLS Enabled
2026/08/28 17:31:26 [INFO] TLS Enabled
Password: ordererpw
[0;34mGenerating the orderer MSP[0m
+ fabric-ca-client enroll -u https://orderer:ordererpw@localhost:9054 --caname ca-orderer -M /home/runner/fabric-samples/test-network/organizations/ordererOrganizations/example.com/orderers/orderer.example.com/msp --tls.certfiles /home/runner/fabric-samples/test-network/organizations/fabric-ca/ordererOrg/ca-cert.pem
2026/08/28 17:31:26 [INFO] TLS Enabled
2026/08/28 17:31:26 [INFO] generating key: &{A:ecdsa S:256}
2026/08/28 17:31:26 [INFO] encoded CSR
2026/08/28 17:31:26 [INFO] Stored client certificate at /home/runner/fabric-samples/test-network/organizations/ordererOrganizations/example.com/orderers/orderer.example.com/msp/signcerts/cert.pem
2026/08/28 17:31:26 [INFO] Stored root CA certificate at /home/runner/fabric-samples/test-network/organizations/ordererOrganizations/example.com/orderers/orderer.example.com/msp/cacerts/localhost-9054-ca-orderer.pem
2026/08/28 17:31:26 [INFO] Stored Issuer public key at /home/runner/fabric-samples/test-network/organizations/ordererOrganizations/example.com/orderers/orderer.example.com/msp/IssuerPublicKey
2026/08/28 17:31:26 [INFO] Stored Issuer revocation public key at /home/runner/fabric-samples/test-network/organizations/ordererOrganizations/example.com/orderers/orderer.example.com/msp/IssuerRevocationPublicKey
[0;34mGenerating the orderer TLS certificates, use --csr.hosts to specify Subject Alternative Names[0m
+ fabric-ca-client enroll -u https://orderer:ordererpw@localhost:9054 --caname ca-orderer -M /home/runner/fabric-samples/test-network/organizations/ordererOrganizations/example.com/orderers/orderer.example.com/tls --enrollment.profile tls --csr.hosts orderer.example.com --csr.hosts localhost --tls.certfiles /home/runner/fabric-samples/test-network/organizations/fabric-ca/ordererOrg/ca-cert.pem
2026/08/28 17:31:26 [INFO] TLS Enabled
2026/08/28 17:31:26 [INFO] generating key: &{A:ecdsa S:256}
2026/08/28 17:31:26 [INFO] encoded CSR
2026/08/28 17:31:26 [INFO] Stored client certificate at /home/runner/fabric-samples/test-network/organizations/ordererOrganizations/example.com/orderers/orderer.example.com/tls/signcerts/cert.pem
2026/08/28 17:31:26 [INFO] Stored TLS root CA certificate at /home/runner/fabric-samples/test-network/organizations/ordererOrganizations/example.com/orderers/orderer.example.com/tls/tlscacerts/tls-localhost-9054-ca-orderer.pem
2026/08/28 17:31:26 [INFO] Stored Issuer public key at /home/runner/fabric-samples/test-network/organizations/ordererOrganizations/example.com/orderers/orderer.example.com/tls/IssuerPublicKey
2026/08/28 17:31:26 [INFO] Stored Issuer revocation public key at /home/runner/fabric-samples/test-network/organizations/ordererOrganizations/example.com/orderers/orderer.example.com/tls/IssuerRevocationPublicKey
[0;34mRegistering orderer2[0m
+ fabric-ca-client register --caname ca-orderer --id.name orderer2 --id.secret orderer2pw --id.type orderer --tls.certfiles /home/runner/fabric-samples/test-network/organizations/fabric-ca/ordererOrg/ca-cert.pem
2026/08/28 17:31:26 [INFO] Configuration file location: /home/runner/fabric-samples/test-network/organizations/ordererOrganizations/example.com/fabric-ca-client-config.yaml
2026/08/28 17:31:26 [INFO] TLS Enabled
2026/08/28 17:31:26 [INFO] TLS Enabled
Password: orderer2pw
[0;34mGenerating the orderer2 MSP[0m
+ fabric-ca-client enroll -u https://orderer2:orderer2pw@localhost:9054 --caname ca-orderer -M /home/runner/fabric-samples/test-network/organizations/ordererOrganizations/example.com/orderers/orderer2.example.com/msp --tls.certfiles /home/runner/fabric-samples/test-network/organizations/fabric-ca/ordererOrg/ca-cert.pem
2026/08/28 17:31:26 [INFO] TLS Enabled
2026/08/28 17:31:26 [INFO] generating key: &{A:ecdsa S:256}
2026/08/28 17:31:26 [INFO] encoded CSR
2026/08/28 17:31:26 [INFO] Stored client certificate at /home/runner/fabric-samples/test-network/organizations/ordererOrganizations/example.com/orderers/orderer2.example.com/msp/signcerts/cert.pem
2026/08/28 17:31:26 [INFO] Stored root CA certificate at /home/runner/fabric-samples/test-network/organizations/ordererOrganizations/example.com/orderers/orderer2.example.com/msp/cacerts/localhost-9054-ca-orderer.pem
2026/08/28 17:31:26 [INFO] Stored Issuer public key at /home/runner/fabric-samples/test-network/organizations/ordererOrganizations/example.com/orderers/orderer2.example.com/msp/IssuerPublicKey
2026/08/28 17:31:26 [INFO] Stored Issuer revocation public key at /home/runner/fabric-samples/test-network/organizations/ordererOrganizations/example.com/orderers/orderer2.example.com/msp/IssuerRevocationPublicKey
[0;34mGenerating the orderer2 TLS certificates, use --csr.hosts to specify Subject Alternative Names[0m
+ fabric-ca-client enroll -u https://orderer2:orderer2pw@localhost:9054 --caname ca-orderer -M /home/runner/fabric-samples/test-network/organizations/ordererOrganizations/example.com/orderers/orderer2.example.com/tls --enrollment.profile tls --csr.hosts orderer2.example.com --csr.hosts localhost --tls.certfiles /home/runner/fabric-samples/test-network/organizations/fabric-ca/ordererOrg/ca-cert.pem
2026/08/28 17:31:26 [INFO] TLS Enabled
2026/08/28 17:31:26 [INFO] generating key: &{A:ecdsa S:256}
2026/08/28 17:31:26 [INFO] encoded CSR
2026/08/28 17:31:26 [INFO] Stored client certificate at /home/runner/fabric-samples/test-network/organizations/ordererOrganizations/example.com/orderers/orderer2.example.com/tls/signcerts/cert.pem
2026/08/28 17:31:26 [INFO] Stored TLS root CA certificate at /home/runner/fabric-samples/test-network/organizations/ordererOrganizations/example.com/orderers/orderer2.example.com/tls/tlscacerts/tls-localhost-9054-ca-orderer.pem
2026/08/28 17:31:26 [INFO] Stored Issuer public key at /home/runner/fabric-samples/test-network/organizations/ordererOrganizations/example.com/orderers/orderer2.example.com/tls/IssuerPublicKey
2026/08/28 17:31:26 [INFO] Stored Issuer revocation public key at /home/runner/fabric-samples/test-network/organizations/ordererOrganizations/example.com/orderers/orderer2.example.com/tls/IssuerRevocationPublicKey
[0;34mRegistering orderer3[0m
+ fabric-ca-client register --caname ca-orderer --id.name orderer3 --id.secret orderer3pw --id.type orderer --tls.certfiles /home/runner/fabric-samples/test-network/organizations/fabric-ca/ordererOrg/ca-cert.pem
2026/08/28 17:31:27 [INFO] Configuration file location: /home/runner/fabric-samples/test-network/organizations/ordererOrganizations/example.com/fabric-ca-client-config.yaml
2026/08/28 17:31:27 [INFO] TLS Enabled
2026/08/28 17:31:27 [INFO] TLS Enabled
Password: orderer3pw
[0;34mGenerating the orderer3 MSP[0m
+ fabric-ca-client enroll -u https://orderer3:orderer3pw@localhost:9054 --caname ca-orderer -M /home/runner/fabric-samples/test-network/organizations/ordererOrganizations/example.com/orderers/orderer3.example.com/msp --tls.certfiles /home/runner/fabric-samples/test-network/organizations/fabric-ca/ordererOrg/ca-cert.pem
2026/08/28 17:31:27 [INFO] TLS Enabled
2026/08/28 17:31:27 [INFO] generating key: &{A:ecdsa S:256}
2026/08/28 17:31:27 [INFO] encoded CSR
2026/08/28 17:31:27 [INFO] Stored client certificate at /home/runner/fabric-samples/test-network/organizations/ordererOrganizations/example.com/orderers/orderer3.example.com/msp/signcerts/cert.pem
2026/08/28 17:31:27 [INFO] Stored root CA certificate at /home/runner/fabric-samples/test-network/organizations/ordererOrganizations/example.com/orderers/orderer3.example.com/msp/cacerts/localhost-9054-ca-orderer.pem
2026/08/28 17:31:27 [INFO] Stored Issuer public key at /home/runner/fabric-samples/test-network/organizations/ordererOrganizations/example.com/orderers/orderer3.example.com/msp/IssuerPublicKey
2026/08/28 17:31:27 [INFO] Stored Issuer revocation public key at /home/runner/fabric-samples/test-network/organizations/ordererOrganizations/example.com/orderers/orderer3.example.com/msp/IssuerRevocationPublicKey
[0;34mGenerating the orderer3 TLS certificates, use --csr.hosts to specify Subject Alternative Names[0m
+ fabric-ca-client enroll -u https://orderer3:orderer3pw@localhost:9054 --caname ca-orderer -M /home/runner/fabric-samples/test-network/organizations/ordererOrganizations/example.com/orderers/orderer3.example.com/tls --enrollment.profile tls --csr.hosts orderer3.example.com --csr.hosts localhost --tls.certfiles /home/runner/fabric-samples/test-network/organizations/fabric-ca/ordererOrg/ca-cert.pem
2026/08/28 17:31:27 [INFO] TLS Enabled
2026/08/28 17:31:27 [INFO] generating key: &{A:ecdsa S:256}
2026/08/28 17:31:27 [INFO] encoded CSR
2026/08/28 17:31:27 [INFO] Stored client certificate at /home/runner/fabric-samples/test-network/organizations/ordererOrganizations/example.com/orderers/orderer3.example.com/tls/signcerts/cert.pem
2026/08/28 17:31:27 [INFO] Stored TLS root CA certificate at /home/runner/fabric-samples/test-network/organizations/ordererOrganizations/example.com/orderers/orderer3.example.com/tls/tlscacerts/tls-localhost-9054-ca-orderer.pem
2026/08/28 17:31:27 [INFO] Stored Issuer public key at /home/runner/fabric-samples/test-network/organizations/ordererOrganizations/example.com/orderers/orderer3.example.com/tls/IssuerPublicKey
2026/08/28 17:31:27 [INFO] Stored Issuer revocation public key at /home/runner/fabric-samples/test-network/organizations/ordererOrganizations/example.com/orderers/orderer3.example.com/tls/IssuerRevocationPublicKey
[0;34mRegistering orderer4[0m
+ fabric-ca-client register --caname ca-orderer --id.name orderer4 --id.secret orderer4pw --id.type orderer --tls.certfiles /home/runner/fabric-samples/test-network/organizations/fabric-ca/ordererOrg/ca-cert.pem
2026/08/28 17:31:27 [INFO] Configuration file location: /home/runner/fabric-samples/test-network/organizations/ordererOrganizations/example.com/fabric-ca-client-config.yaml
2026/08/28 17:31:27 [INFO] TLS Enabled
2026/08/28 17:31:27 [INFO] TLS Enabled
Password: orderer4pw
[0;34mGenerating the orderer4 MSP[0m
+ fabric-ca-client enroll -u https://orderer4:orderer4pw@localhost:9054 --caname ca-orderer -M /home/runner/fabric-samples/test-network/organizations/ordererOrganizations/example.com/orderers/orderer4.example.com/msp --tls.certfiles /home/runner/fabric-samples/test-network/organizations/fabric-ca/ordererOrg/ca-cert.pem
2026/08/28 17:31:27 [INFO] TLS Enabled
2026/08/28 17:31:27 [INFO] generating key: &{A:ecdsa S:256}
2026/08/28 17:31:27 [INFO] encoded CSR
2026/08/28 17:31:27 [INFO] Stored client certificate at /home/runner/fabric-samples/test-network/organizations/ordererOrganizations/example.com/orderers/orderer4.example.com/msp/signcerts/cert.pem
2026/08/28 17:31:27 [INFO] Stored root CA certificate at /home/runner/fabric-samples/test-network/organizations/ordererOrganizations/example.com/orderers/orderer4.example.com/msp/cacerts/localhost-9054-ca-orderer.pem
2026/08/28 17:31:27 [INFO] Stored Issuer public key at /home/runner/fabric-samples/test-network/organizations/ordererOrganizations/example.com/orderers/orderer4.example.com/msp/IssuerPublicKey
2026/08/28 17:31:27 [INFO] Stored Issuer revocation public key at /home/runner/fabric-samples/test-network/organizations/ordererOrganizations/example.com/orderers/orderer4.example.com/msp/IssuerRevocationPublicKey
[0;34mGenerating the orderer4 TLS certificates, use --csr.hosts to specify Subject Alternative Names[0m
+ fabric-ca-client enroll -u https://orderer4:orderer4pw@localhost:9054 --caname ca-orderer -M /home/runner/fabric-samples/test-network/organizations/ordererOrganizations/example.com/orderers/orderer4.example.com/tls --enrollment.profile tls --csr.hosts orderer4.example.com --csr.hosts localhost --tls.certfiles /home/runner/fabric-samples/test-network/organizations/fabric-ca/ordererOrg/ca-cert.pem
2026/08/28 17:31:27 [INFO] TLS Enabled
2026/08/28 17:31:27 [INFO] generating key: &{A:ecdsa S:256}
2026/08/28 17:31:27 [INFO] encoded CSR
2026/08/28 17:31:27 [INFO] Stored client certificate at /home/runner/fabric-samples/test-network/organizations/ordererOrganizations/example.com/orderers/orderer4.example.com/tls/signcerts/cert.pem
2026/08/28 17:31:27 [INFO] Stored TLS root CA certificate at /home/runner/fabric-samples/test-network/organizations/ordererOrganizations/example.com/orderers/orderer4.example.com/tls/tlscacerts/tls-localhost-9054-ca-orderer.pem
2026/08/28 17:31:27 [INFO] Stored Issuer public key at /home/runner/fabric-samples/test-network/organizations/ordererOrganizations/example.com/orderers/orderer4.example.com/tls/IssuerPublicKey
2026/08/28 17:31:27 [INFO] Stored Issuer revocation public key at /home/runner/fabric-samples/test-network/organizations/ordererOrganizations/example.com/orderers/orderer4.example.com/tls/IssuerRevocationPublicKey
[0;34mRegistering the orderer admin[0m
+ fabric-ca-client register --caname ca-orderer --id.name ordererAdmin --id.secret ordererAdminpw --id.type admin --tls.certfiles /home/runner/fabric-samples/test-network/organizations/fabric-ca/ordererOrg/ca-cert.pem
2026/08/28 17:31:27 [INFO] Configuration file location: /home/runner/fabric-samples/test-network/organizations/ordererOrganizations/example.com/fabric-ca-client-config.yaml
2026/08/28 17:31:27 [INFO] TLS Enabled
2026/08/28 17:31:27 [INFO] TLS Enabled
Password: ordererAdminpw
[0;34mGenerating the admin msp[0m
+ fabric-ca-client enroll -u https://ordererAdmin:ordererAdminpw@localhost:9054 --caname ca-orderer -M /home/runner/fabric-samples/test-network/organizations/ordererOrganizations/example.com/users/Admin@example.com/msp --tls.certfiles /home/runner/fabric-samples/test-network/organizations/fabric-ca/ordererOrg/ca-cert.pem
2026/08/28 17:31:27 [INFO] TLS Enabled
2026/08/28 17:31:27 [INFO] generating key: &{A:ecdsa S:256}
2026/08/28 17:31:27 [INFO] encoded CSR
2026/08/28 17:31:27 [INFO] Stored client certificate at /home/runner/fabric-samples/test-network/organizations/ordererOrganizations/example.com/users/Admin@example.com/msp/signcerts/cert.pem
2026/08/28 17:31:27 [INFO] Stored root CA certificate at /home/runner/fabric-samples/test-network/organizations/ordererOrganizations/example.com/users/Admin@example.com/msp/cacerts/localhost-9054-ca-orderer.pem
2026/08/28 17:31:27 [INFO] Stored Issuer public key at /home/runner/fabric-samples/test-network/organizations/ordererOrganizations/example.com/users/Admin@example.com/msp/IssuerPublicKey
2026/08/28 17:31:27 [INFO] Stored Issuer revocation public key at /home/runner/fabric-samples/test-network/organizations/ordererOrganizations/example.com/users/Admin@example.com/msp/IssuerRevocationPublicKey
[0;34mGenerating CCP files for Org1 and Org2[0m
 Volume "compose_peer0.org1.example.com"  Creating
 Volume "compose_peer0.org1.example.com"  Created
 Volume "compose_peer0.org2.example.com"  Creating
 Volume "compose_peer0.org2.example.com"  Created
 Volume "compose_orderer.example.com"  Creating
 Volume "compose_orderer.example.com"  Created
time="2026-08-28T17:31:28Z" level=warning msg="Found orphan containers ([ca_org1 ca_org2 ca_orderer]) for this project. If you removed or renamed this service in your compose file, you can run this command with the --remove-orphans flag to clean it up."
 Container peer0.org1.example.com  Creating
 Container peer0.org2.example.com  Creating
 Container orderer.example.com  Creating
 Container peer0.org1.example.com  Created
 Container peer0.org2.example.com  Created
 Container orderer.example.com  Created
 Container orderer.example.com  Starting
 Container peer0.org1.example.com  Starting
 Container peer0.org2.example.com  Starting
 Container peer0.org1.example.com  Started
 Container peer0.org2.example.com  Started
 Container orderer.example.com  Started
CONTAINER ID   IMAGE                               COMMAND                  CREATED                  STATUS                  PORTS                                                                                                                                   NAMES
0d9c8b8d04e2   hyperledger/fabric-orderer:latest   "orderer"                Less than a second ago   Up Less than a second   0.0.0.0:7050->7050/tcp, [::]:7050->7050/tcp, 0.0.0.0:7053->7053/tcp, [::]:7053->7053/tcp, 0.0.0.0:9443->9443/tcp, [::]:9443->9443/tcp   orderer.example.com
99a7c7cf639b   hyperledger/fabric-peer:latest      "peer node start"        Less than a second ago   Up Less than a second   0.0.0.0:9051->9051/tcp, [::]:9051->9051/tcp, 7051/tcp, 0.0.0.0:9445->9445/tcp, [::]:9445->9445/tcp                                      peer0.org2.example.com
cb7ae4e4cefc   hyperledger/fabric-peer:latest      "peer node start"        Less than a second ago   Up Less than a second   0.0.0.0:7051->7051/tcp, [::]:7051->7051/tcp, 0.0.0.0:9444->9444/tcp, [::]:9444->9444/tcp                                                peer0.org1.example.com
6347f808bcf0   hyperledger/fabric-ca:latest        "sh -c 'fabric-ca-se…"   7 seconds ago            Up 6 seconds            0.0.0.0:7054->7054/tcp, [::]:7054->7054/tcp, 0.0.0.0:17054->17054/tcp, [::]:17054->17054/tcp                                            ca_org1
f257736918a7   hyperledger/fabric-ca:latest        "sh -c 'fabric-ca-se…"   7 seconds ago            Up 6 seconds            0.0.0.0:8054->8054/tcp, [::]:8054->8054/tcp, 7054/tcp, 0.0.0.0:18054->18054/tcp, [::]:18054->18054/tcp                                  ca_org2
53db7a68bf2a   hyperledger/fabric-ca:latest        "sh -c 'fabric-ca-se…"   7 seconds ago            Up 6 seconds            0.0.0.0:9054->9054/tcp, [::]:9054->9054/tcp, 7054/tcp, 0.0.0.0:19054->19054/tcp, [::]:19054->19054/tcp                                  ca_orderer
[0;34mUsing docker and docker compose[0m
[0;34mGenerating channel genesis block 'mychannel.block'[0m
[0;34mUsing organization 1[0m
/home/runner/fabric-samples/test-network/../bin/configtxgen
+ '[' 0 -eq 1 ']'
+ configtxgen -profile ChannelUsingRaft -outputBlock ./channel-artifacts/mychannel.block -channelID mychannel
[34m2026-08-28 17:31:28.431 UTC 0001 INFO[0m [common.tools.configtxgen] [34;1mmain[0m -> Loading configuration
[34m2026-08-28 17:31:28.438 UTC 0002 INFO[0m [common.tools.configtxgen.localconfig] [34;1mcompleteInitialization[0m -> orderer type: etcdraft
[34m2026-08-28 17:31:28.438 UTC 0003 INFO[0m [common.tools.configtxgen.localconfig] [34;1mcompleteInitialization[0m -> Orderer.EtcdRaft.Options unset, setting to tick_interval:"500ms" election_tick:10 heartbeat_tick:1 max_inflight_blocks:5 snapshot_interval_size:16777216 
[34m2026-08-28 17:31:28.438 UTC 0004 INFO[0m [common.tools.configtxgen.localconfig] [34;1mLoad[0m -> Loaded configuration: /home/runner/fabric-samples/test-network/configtx/configtx.yaml
[34m2026-08-28 17:31:28.441 UTC 0005 INFO[0m [common.tools.configtxgen] [34;1mdoOutputBlock[0m -> Generating genesis block
[34m2026-08-28 17:31:28.441 UTC 0006 INFO[0m [common.tools.configtxgen] [34;1mdoOutputBlock[0m -> Creating application channel genesis block
[34m2026-08-28 17:31:28.442 UTC 0007 INFO[0m [common.tools.configtxgen] [34;1mdoOutputBlock[0m -> Writing genesis block
+ res=0
[0;34mCreating channel mychannel[0m
[0;34mAdding orderers[0m
+ . scripts/orderer.sh mychannel
+ '[' 0 -eq 1 ']'
+ res=0
Status: 201
{
	"name": "mychannel",
	"url": "/participation/v1/channels/mychannel",
	"consensusRelation": "consenter",
	"status": "active",
	"height": 1
}

[0;32mChannel 'mychannel' created[0m
[0;34mJoining org1 peer to the channel...[0m
[0;34mUsing organization 1[0m
+ peer channel join -b ./channel-artifacts/mychannel.block
+ res=0
[34m2026-08-28 17:31:34.524 UTC 0001 INFO[0m [channelCmd] [34;1mInitCmdFactory[0m -> Endorser and orderer connections initialized
[34m2026-08-28 17:31:34.537 UTC 0002 INFO[0m [channelCmd] [34;1mexecuteJoin[0m -> Successfully submitted proposal to join channel
[0;34mJoining org2 peer to the channel...[0m
[0;34mUsing organization 2[0m
+ peer channel join -b ./channel-artifacts/mychannel.block
+ res=0
[34m2026-08-28 17:31:37.591 UTC 0001 INFO[0m [channelCmd] [34;1mInitCmdFactory[0m -> Endorser and orderer connections initialized
[34m2026-08-28 17:31:37.604 UTC 0002 INFO[0m [channelCmd] [34;1mexecuteJoin[0m -> Successfully submitted proposal to join channel
[0;34mSetting anchor peer for org1...[0m
[0;34mUsing organization 1[0m
[0;34mFetching channel config for channel mychannel[0m
[0;34mUsing organization 1[0m
[0;34mFetching the most recent configuration block for the channel[0m
++ peer channel fetch config /home/runner/fabric-samples/test-network/channel-artifacts/config_block.pb -o localhost:7050 --ordererTLSHostnameOverride orderer.example.com -c mychannel --tls --cafile /home/runner/fabric-samples/test-network/organizations/ordererOrganizations/example.com/tlsca/tlsca.example.com-cert.pem
[34m2026-08-28 17:31:37.656 UTC 0001 INFO[0m [channelCmd] [34;1mInitCmdFactory[0m -> Endorser and orderer connections initialized
[34m2026-08-28 17:31:37.659 UTC 0002 INFO[0m [cli.common] [34;1mreadBlock[0m -> Received block: 0
[34m2026-08-28 17:31:37.659 UTC 0003 INFO[0m [channelCmd] [34;1mfetch[0m -> Retrieving last config block: 0
[34m2026-08-28 17:31:37.660 UTC 0004 INFO[0m [cli.common] [34;1mreadBlock[0m -> Received block: 0
[0;34mDecoding config block to JSON and isolating config to /home/runner/fabric-samples/test-network/channel-artifacts/Org1MSPconfig.json[0m
++ configtxlator proto_decode --input /home/runner/fabric-samples/test-network/channel-artifacts/config_block.pb --type common.Block --output /home/runner/fabric-samples/test-network/channel-artifacts/config_block.json
++ jq '.data.data[0].payload.data.config' /home/runner/fabric-samples/test-network/channel-artifacts/config_block.json
++ res=0
[0;34mGenerating anchor peer update transaction for Org1 on channel mychannel[0m
++ jq '.channel_group.groups.Application.groups.Org1MSP.values += {"AnchorPeers":{"mod_policy": "Admins","value":{"anchor_peers": [{"host": "peer0.org1.example.com","port": 7051}]},"version": "0"}}' /home/runner/fabric-samples/test-network/channel-artifacts/Org1MSPconfig.json
++ res=0
++ configtxlator proto_encode --input /home/runner/fabric-samples/test-network/channel-artifacts/Org1MSPconfig.json --type common.Config --output /home/runner/fabric-samples/test-network/channel-artifacts/original_config.pb
++ configtxlator proto_encode --input /home/runner/fabric-samples/test-network/channel-artifacts/Org1MSPmodified_config.json --type common.Config --output /home/runner/fabric-samples/test-network/channel-artifacts/modified_config.pb
++ configtxlator compute_update --channel_id mychannel --original /home/runner/fabric-samples/test-network/channel-artifacts/original_config.pb --updated /home/runner/fabric-samples/test-network/channel-artifacts/modified_config.pb --output /home/runner/fabric-samples/test-network/channel-artifacts/config_update.pb
++ configtxlator proto_decode --input /home/runner/fabric-samples/test-network/channel-artifacts/config_update.pb --type common.ConfigUpdate --output /home/runner/fabric-samples/test-network/channel-artifacts/config_update.json
++ jq .
+++ cat /home/runner/fabric-samples/test-network/channel-artifacts/config_update.json
++ echo '{"payload":{"header":{"channel_header":{"channel_id":"mychannel", "type":2}},"data":{"config_update":{' '"channel_id":' '"mychannel",' '"isolated_data":' '{},' '"read_set":' '{' '"groups":' '{' '"Application":' '{' '"groups":' '{' '"Org1MSP":' '{' '"groups":' '{},' '"mod_policy":' '"",' '"policies":' '{' '"Admins":' '{' '"mod_policy":' '"",' '"policy":' null, '"version":' '"0"' '},' '"Endorsement":' '{' '"mod_policy":' '"",' '"policy":' null, '"version":' '"0"' '},' '"Readers":' '{' '"mod_policy":' '"",' '"policy":' null, '"version":' '"0"' '},' '"Writers":' '{' '"mod_policy":' '"",' '"policy":' null, '"version":' '"0"' '}' '},' '"values":' '{' '"MSP":' '{' '"mod_policy":' '"",' '"value":' null, '"version":' '"0"' '}' '},' '"version":' '"0"' '}' '},' '"mod_policy":' '"",' '"policies":' '{},' '"values":' '{},' '"version":' '"0"' '}' '},' '"mod_policy":' '"",' '"policies":' '{},' '"values":' '{},' '"version":' '"0"' '},' '"write_set":' '{' '"groups":' '{' '"Application":' '{' '"groups":' '{' '"Org1MSP":' '{' '"groups":' '{},' '"mod_policy":' '"Admins",' '"policies":' '{' '"Admins":' '{' '"mod_policy":' '"",' '"policy":' null, '"version":' '"0"' '},' '"Endorsement":' '{' '"mod_policy":' '"",' '"policy":' null, '"version":' '"0"' '},' '"Readers":' '{' '"mod_policy":' '"",' '"policy":' null, '"version":' '"0"' '},' '"Writers":' '{' '"mod_policy":' '"",' '"policy":' null, '"version":' '"0"' '}' '},' '"values":' '{' '"AnchorPeers":' '{' '"mod_policy":' '"Admins",' '"value":' '{' '"anchor_peers":' '[' '{' '"host":' '"peer0.org1.example.com",' '"port":' 7051 '}' ']' '},' '"version":' '"0"' '},' '"MSP":' '{' '"mod_policy":' '"",' '"value":' null, '"version":' '"0"' '}' '},' '"version":' '"1"' '}' '},' '"mod_policy":' '"",' '"policies":' '{},' '"values":' '{},' '"version":' '"0"' '}' '},' '"mod_policy":' '"",' '"policies":' '{},' '"values":' '{},' '"version":' '"0"' '}' '}}}}'
++ configtxlator proto_encode --input /home/runner/fabric-samples/test-network/channel-artifacts/config_update_in_envelope.json --type common.Envelope --output /home/runner/fabric-samples/test-network/channel-artifacts/Org1MSPanchors.tx
[34m2026-08-28 17:31:37.781 UTC 0001 INFO[0m [channelCmd] [34;1mInitCmdFactory[0m -> Endorser and orderer connections initialized
[34m2026-08-28 17:31:37.792 UTC 0002 INFO[0m [channelCmd] [34;1mupdate[0m -> Successfully submitted channel update
[0;32mAnchor peer set for org 'Org1MSP' on channel 'mychannel'[0m
[0;34mSetting anchor peer for org2...[0m
[0;34mUsing organization 2[0m
[0;34mFetching channel config for channel mychannel[0m
[0;34mUsing organization 2[0m
[0;34mFetching the most recent configuration block for the channel[0m
++ peer channel fetch config /home/runner/fabric-samples/test-network/channel-artifacts/config_block.pb -o localhost:7050 --ordererTLSHostnameOverride orderer.example.com -c mychannel --tls --cafile /home/runner/fabric-samples/test-network/organizations/ordererOrganizations/example.com/tlsca/tlsca.example.com-cert.pem
[34m2026-08-28 17:31:37.848 UTC 0001 INFO[0m [channelCmd] [34;1mInitCmdFactory[0m -> Endorser and orderer connections initialized
[34m2026-08-28 17:31:37.851 UTC 0002 INFO[0m [cli.common] [34;1mreadBlock[0m -> Received block: 1
[34m2026-08-28 17:31:37.851 UTC 0003 INFO[0m [channelCmd] [34;1mfetch[0m -> Retrieving last config block: 1
[34m2026-08-28 17:31:37.852 UTC 0004 INFO[0m [cli.common] [34;1mreadBlock[0m -> Received block: 1
[0;34mDecoding config block to JSON and isolating config to /home/runner/fabric-samples/test-network/channel-artifacts/Org2MSPconfig.json[0m
++ configtxlator proto_decode --input /home/runner/fabric-samples/test-network/channel-artifacts/config_block.pb --type common.Block --output /home/runner/fabric-samples/test-network/channel-artifacts/config_block.json
++ jq '.data.data[0].payload.data.config' /home/runner/fabric-samples/test-network/channel-artifacts/config_block.json
++ res=0
[0;34mGenerating anchor peer update transaction for Org2 on channel mychannel[0m
++ jq '.channel_group.groups.Application.groups.Org2MSP.values += {"AnchorPeers":{"mod_policy": "Admins","value":{"anchor_peers": [{"host": "peer0.org2.example.com","port": 9051}]},"version": "0"}}' /home/runner/fabric-samples/test-network/channel-artifacts/Org2MSPconfig.json
++ res=0
++ configtxlator proto_encode --input /home/runner/fabric-samples/test-network/channel-artifacts/Org2MSPconfig.json --type common.Config --output /home/runner/fabric-samples/test-network/channel-artifacts/original_config.pb
++ configtxlator proto_encode --input /home/runner/fabric-samples/test-network/channel-artifacts/Org2MSPmodified_config.json --type common.Config --output /home/runner/fabric-samples/test-network/channel-artifacts/modified_config.pb
++ configtxlator compute_update --channel_id mychannel --original /home/runner/fabric-samples/test-network/channel-artifacts/original_config.pb --updated /home/runner/fabric-samples/test-network/channel-artifacts/modified_config.pb --output /home/runner/fabric-samples/test-network/channel-artifacts/config_update.pb
++ configtxlator proto_decode --input /home/runner/fabric-samples/test-network/channel-artifacts/config_update.pb --type common.ConfigUpdate --output /home/runner/fabric-samples/test-network/channel-artifacts/config_update.json
++ jq .
+++ cat /home/runner/fabric-samples/test-network/channel-artifacts/config_update.json
++ echo '{"payload":{"header":{"channel_header":{"channel_id":"mychannel", "type":2}},"data":{"config_update":{' '"channel_id":' '"mychannel",' '"isolated_data":' '{},' '"read_set":' '{' '"groups":' '{' '"Application":' '{' '"groups":' '{' '"Org2MSP":' '{' '"groups":' '{},' '"mod_policy":' '"",' '"policies":' '{' '"Admins":' '{' '"mod_policy":' '"",' '"policy":' null, '"version":' '"0"' '},' '"Endorsement":' '{' '"mod_policy":' '"",' '"policy":' null, '"version":' '"0"' '},' '"Readers":' '{' '"mod_policy":' '"",' '"policy":' null, '"version":' '"0"' '},' '"Writers":' '{' '"mod_policy":' '"",' '"policy":' null, '"version":' '"0"' '}' '},' '"values":' '{' '"MSP":' '{' '"mod_policy":' '"",' '"value":' null, '"version":' '"0"' '}' '},' '"version":' '"0"' '}' '},' '"mod_policy":' '"",' '"policies":' '{},' '"values":' '{},' '"version":' '"0"' '}' '},' '"mod_policy":' '"",' '"policies":' '{},' '"values":' '{},' '"version":' '"0"' '},' '"write_set":' '{' '"groups":' '{' '"Application":' '{' '"groups":' '{' '"Org2MSP":' '{' '"groups":' '{},' '"mod_policy":' '"Admins",' '"policies":' '{' '"Admins":' '{' '"mod_policy":' '"",' '"policy":' null, '"version":' '"0"' '},' '"Endorsement":' '{' '"mod_policy":' '"",' '"policy":' null, '"version":' '"0"' '},' '"Readers":' '{' '"mod_policy":' '"",' '"policy":' null, '"version":' '"0"' '},' '"Writers":' '{' '"mod_policy":' '"",' '"policy":' null, '"version":' '"0"' '}' '},' '"values":' '{' '"AnchorPeers":' '{' '"mod_policy":' '"Admins",' '"value":' '{' '"anchor_peers":' '[' '{' '"host":' '"peer0.org2.example.com",' '"port":' 9051 '}' ']' '},' '"version":' '"0"' '},' '"MSP":' '{' '"mod_policy":' '"",' '"value":' null, '"version":' '"0"' '}' '},' '"version":' '"1"' '}' '},' '"mod_policy":' '"",' '"policies":' '{},' '"values":' '{},' '"version":' '"0"' '}' '},' '"mod_policy":' '"",' '"policies":' '{},' '"values":' '{},' '"version":' '"0"' '}' '}}}}'
++ configtxlator proto_encode --input /home/runner/fabric-samples/test-network/channel-artifacts/config_update_in_envelope.json --type common.Envelope --output /home/runner/fabric-samples/test-network/channel-artifacts/Org2MSPanchors.tx
[34m2026-08-28 17:31:37.977 UTC 0001 INFO[0m [channelCmd] [34;1mInitCmdFactory[0m -> Endorser and orderer connections initialized
[34m2026-08-28 17:31:37.986 UTC 0002 INFO[0m [channelCmd] [34;1mupdate[0m -> Successfully submitted channel update
[0;32mAnchor peer set for org 'Org2MSP' on channel 'mychannel'[0m
[0;32mChannel 'mychannel' joined[0m
   [0;32m✓[0m 2 orgs · channel mychannel

[1;33m══ 2/6  chaincode[0m
   [0;32m✓[0m compiles · dependencies vendored
[0;34mUsing docker and docker compose[0m
[0;34mdeploying chaincode on channel 'mychannel'[0m
executing with the following
- CHANNEL_NAME: [0;32mmychannel[0m
- CC_NAME: [0;32mevidence[0m
- CC_SRC_PATH: [0;32m/home/runner/work/Governance-aware-Supply-Chain-PoC/Governance-aware-Supply-Chain-PoC/chaincode/evidence[0m
- CC_SRC_LANGUAGE: [0;32mgo[0m
- CC_VERSION: [0;32m1.0[0m
- CC_SEQUENCE: [0;32mauto[0m
- CC_END_POLICY: [0;32mNA[0m
- CC_COLL_CONFIG: [0;32mNA[0m
- CC_INIT_FCN: [0;32mNA[0m
- DELAY: [0;32m3[0m
- MAX_RETRY: [0;32m5[0m
- VERBOSE: [0;32mfalse[0m
executing with the following
- CC_NAME: [0;32mevidence[0m
- CC_SRC_PATH: [0;32m/home/runner/work/Governance-aware-Supply-Chain-PoC/Governance-aware-Supply-Chain-PoC/chaincode/evidence[0m
- CC_SRC_LANGUAGE: [0;32mgo[0m
- CC_VERSION: [0;32m1.0[0m
[0;34mVendoring Go dependencies at /home/runner/work/Governance-aware-Supply-Chain-PoC/Governance-aware-Supply-Chain-PoC/chaincode/evidence[0m
~/work/Governance-aware-Supply-Chain-PoC/Governance-aware-Supply-Chain-PoC/chaincode/evidence ~/fabric-samples/test-network
~/fabric-samples/test-network
[0;32mFinished vendoring Go dependencies[0m
+ '[' false = true ']'
+ peer lifecycle chaincode package evidence.tar.gz --path /home/runner/work/Governance-aware-Supply-Chain-PoC/Governance-aware-Supply-Chain-PoC/chaincode/evidence --lang golang --label evidence_1.0
+ res=0
[0;32mChaincode is packaged[0m
[0;34mInstalling chaincode on peer0.org1...[0m
[0;34mUsing organization 1[0m
+ peer lifecycle chaincode queryinstalled --output json
+ jq -r 'try (.installed_chaincodes[].package_id)'
+ grep '^evidence_1.0:3debe5f191baee253e4c246df0709905afcf425d8783d1b762d0dfc4f489c367$'
+ test 1 -ne 0
+ peer lifecycle chaincode install evidence.tar.gz
+ res=0
[34m2026-08-28 17:32:09.200 UTC 0001 INFO[0m [cli.lifecycle.chaincode] [34;1msubmitInstallProposal[0m -> Installed remotely: response:<status:200 payload:"\nMevidence_1.0:3debe5f191baee253e4c246df0709905afcf425d8783d1b762d0dfc4f489c367\022\014evidence_1.0" > 
[34m2026-08-28 17:32:09.200 UTC 0002 INFO[0m [cli.lifecycle.chaincode] [34;1msubmitInstallProposal[0m -> Chaincode code package identifier: evidence_1.0:3debe5f191baee253e4c246df0709905afcf425d8783d1b762d0dfc4f489c367
[0;32mChaincode is installed on peer0.org1[0m
[0;34mInstall chaincode on peer0.org2...[0m
[0;34mUsing organization 2[0m
+ peer lifecycle chaincode queryinstalled --output json
+ jq -r 'try (.installed_chaincodes[].package_id)'
+ grep '^evidence_1.0:3debe5f191baee253e4c246df0709905afcf425d8783d1b762d0dfc4f489c367$'
+ test 1 -ne 0
+ peer lifecycle chaincode install evidence.tar.gz
+ res=0
[34m2026-08-28 17:32:30.195 UTC 0001 INFO[0m [cli.lifecycle.chaincode] [34;1msubmitInstallProposal[0m -> Installed remotely: response:<status:200 payload:"\nMevidence_1.0:3debe5f191baee253e4c246df0709905afcf425d8783d1b762d0dfc4f489c367\022\014evidence_1.0" > 
[34m2026-08-28 17:32:30.196 UTC 0002 INFO[0m [cli.lifecycle.chaincode] [34;1msubmitInstallProposal[0m -> Chaincode code package identifier: evidence_1.0:3debe5f191baee253e4c246df0709905afcf425d8783d1b762d0dfc4f489c367
[0;32mChaincode is installed on peer0.org2[0m
++ peer lifecycle chaincode querycommitted --channelID mychannel --name evidence
++ sed -n '/Version:/{s/.*Sequence: //; s/, Endorsement Plugin:.*$//; p;}'
Error: query failed with status: 404 - namespace evidence is not defined
+ COMMITTED_CC_SEQUENCE=
+ res=0
[0;34mUsing organization 1[0m
+ peer lifecycle chaincode queryinstalled --output json
+ jq -r 'try (.installed_chaincodes[].package_id)'
+ grep '^evidence_1.0:3debe5f191baee253e4c246df0709905afcf425d8783d1b762d0dfc4f489c367$'
+ res=0
evidence_1.0:3debe5f191baee253e4c246df0709905afcf425d8783d1b762d0dfc4f489c367
[0;32mQuery installed successful on peer0.org1 on channel[0m
[0;34mUsing organization 1[0m
+ peer lifecycle chaincode approveformyorg -o localhost:7050 --ordererTLSHostnameOverride orderer.example.com --tls --cafile /home/runner/fabric-samples/test-network/organizations/ordererOrganizations/example.com/tlsca/tlsca.example.com-cert.pem --channelID mychannel --name evidence --version 1.0 --package-id evidence_1.0:3debe5f191baee253e4c246df0709905afcf425d8783d1b762d0dfc4f489c367 --sequence 1
+ res=0
[34m2026-08-28 17:32:32.369 UTC 0001 INFO[0m [chaincodeCmd] [34;1mClientWait[0m -> txid [be92ed2d1308dbc1c97222d72a7547557cfd663d48647a53c3666ecbc661338c] committed with status (VALID) at localhost:7051
[0;32mChaincode definition approved on peer0.org1 on channel 'mychannel'[0m
[0;34mUsing organization 1[0m
[0;34mChecking the commit readiness of the chaincode definition on peer0.org1 on channel 'mychannel'...[0m
[0;34mAttempting to check the commit readiness of the chaincode definition on peer0.org1, Retry after 3 seconds.[0m
+ peer lifecycle chaincode checkcommitreadiness --channelID mychannel --name evidence --version 1.0 --sequence 1 --output json
+ res=0
{
	"approvals": {
		"Org1MSP": true,
		"Org2MSP": false
	}
}
[0;34mChecking the commit readiness of the chaincode definition successful on peer0.org1 on channel 'mychannel'[0m
[0;34mUsing organization 2[0m
[0;34mChecking the commit readiness of the chaincode definition on peer0.org2 on channel 'mychannel'...[0m
[0;34mAttempting to check the commit readiness of the chaincode definition on peer0.org2, Retry after 3 seconds.[0m
+ peer lifecycle chaincode checkcommitreadiness --channelID mychannel --name evidence --version 1.0 --sequence 1 --output json
+ res=0
{
	"approvals": {
		"Org1MSP": true,
		"Org2MSP": false
	}
}
[0;34mChecking the commit readiness of the chaincode definition successful on peer0.org2 on channel 'mychannel'[0m
[0;34mUsing organization 2[0m
+ peer lifecycle chaincode approveformyorg -o localhost:7050 --ordererTLSHostnameOverride orderer.example.com --tls --cafile /home/runner/fabric-samples/test-network/organizations/ordererOrganizations/example.com/tlsca/tlsca.example.com-cert.pem --channelID mychannel --name evidence --version 1.0 --package-id evidence_1.0:3debe5f191baee253e4c246df0709905afcf425d8783d1b762d0dfc4f489c367 --sequence 1
+ res=0
[34m2026-08-28 17:32:40.554 UTC 0001 INFO[0m [chaincodeCmd] [34;1mClientWait[0m -> txid [48620f891a0c67e2a8115f06938ce4fc23cf8daacce4edf89e99ca6df398d3af] committed with status (VALID) at localhost:9051
[0;32mChaincode definition approved on peer0.org2 on channel 'mychannel'[0m
[0;34mUsing organization 1[0m
[0;34mChecking the commit readiness of the chaincode definition on peer0.org1 on channel 'mychannel'...[0m
[0;34mAttempting to check the commit readiness of the chaincode definition on peer0.org1, Retry after 3 seconds.[0m
+ peer lifecycle chaincode checkcommitreadiness --channelID mychannel --name evidence --version 1.0 --sequence 1 --output json
+ res=0
{
	"approvals": {
		"Org1MSP": true,
		"Org2MSP": true
	}
}
[0;34mChecking the commit readiness of the chaincode definition successful on peer0.org1 on channel 'mychannel'[0m
[0;34mUsing organization 2[0m
[0;34mChecking the commit readiness of the chaincode definition on peer0.org2 on channel 'mychannel'...[0m
[0;34mAttempting to check the commit readiness of the chaincode definition on peer0.org2, Retry after 3 seconds.[0m
+ peer lifecycle chaincode checkcommitreadiness --channelID mychannel --name evidence --version 1.0 --sequence 1 --output json
+ res=0
{
	"approvals": {
		"Org1MSP": true,
		"Org2MSP": true
	}
}
[0;34mChecking the commit readiness of the chaincode definition successful on peer0.org2 on channel 'mychannel'[0m
[0;34mUsing organization 1[0m
[0;34mUsing organization 2[0m
+ peer lifecycle chaincode commit -o localhost:7050 --ordererTLSHostnameOverride orderer.example.com --tls --cafile /home/runner/fabric-samples/test-network/organizations/ordererOrganizations/example.com/tlsca/tlsca.example.com-cert.pem --channelID mychannel --name evidence --peerAddresses localhost:7051 --tlsRootCertFiles /home/runner/fabric-samples/test-network/organizations/peerOrganizations/org1.example.com/tlsca/tlsca.org1.example.com-cert.pem --peerAddresses localhost:9051 --tlsRootCertFiles /home/runner/fabric-samples/test-network/organizations/peerOrganizations/org2.example.com/tlsca/tlsca.org2.example.com-cert.pem --version 1.0 --sequence 1
+ res=0
[34m2026-08-28 17:32:49.064 UTC 0001 INFO[0m [chaincodeCmd] [34;1mClientWait[0m -> txid [5ba60e49a423f8d79bbeafa024d11396ca2fdec58cbb0a30800e0e2dc7861965] committed with status (VALID) at localhost:9051
[34m2026-08-28 17:32:49.092 UTC 0002 INFO[0m [chaincodeCmd] [34;1mClientWait[0m -> txid [5ba60e49a423f8d79bbeafa024d11396ca2fdec58cbb0a30800e0e2dc7861965] committed with status (VALID) at localhost:7051
[0;32mChaincode definition committed on channel 'mychannel'[0m
[0;34mUsing organization 1[0m
[0;34mQuerying chaincode definition on peer0.org1 on channel 'mychannel'...[0m
[0;34mAttempting to Query committed status on peer0.org1, Retry after 3 seconds.[0m
+ peer lifecycle chaincode querycommitted --channelID mychannel --name evidence
+ res=0
Committed chaincode definition for chaincode 'evidence' on channel 'mychannel':
Version: 1.0, Sequence: 1, Endorsement Plugin: escc, Validation Plugin: vscc, Approvals: [Org1MSP: true, Org2MSP: true]
[0;32mQuery chaincode definition successful on peer0.org1 on channel 'mychannel'[0m
[0;34mUsing organization 2[0m
[0;34mQuerying chaincode definition on peer0.org2 on channel 'mychannel'...[0m
[0;34mAttempting to Query committed status on peer0.org2, Retry after 3 seconds.[0m
+ peer lifecycle chaincode querycommitted --channelID mychannel --name evidence
+ res=0
Committed chaincode definition for chaincode 'evidence' on channel 'mychannel':
Version: 1.0, Sequence: 1, Endorsement Plugin: escc, Validation Plugin: vscc, Approvals: [Org1MSP: true, Org2MSP: true]
[0;32mQuery chaincode definition successful on peer0.org2 on channel 'mychannel'[0m
[0;34mChaincode initialization is not required[0m
   [0;32m✓[0m deployed as 'evidence'

[1;33m══ 3/6  off-ledger payload store[0m
   [0;32m✓[0m listening on :4000

[1;33m══ 4/6  adapters and fixtures[0m
fixtures written: 34 events (20 admissible, 14 negative tests) -> /home/runner/work/Governance-aware-Supply-Chain-PoC/Governance-aware-Supply-Chain-PoC/adapters/fixtures
   [0;32m✓[0m fixtures generated

[1;33m══ 5/6  scenarios[0m
   [0;32mPASS[0m chaincode responding

[1;37m==== S0 - totality precondition (no policy in force) ====[0m
   [0;33mREJ [0m C1 rejected as designed [totality]
   INVARIANT VIOLATION [totality]: no governance policy is active at submission time 2026-08-28T17:32:56Z; every accepted header must bind exactly one policy hash
   [0;32mPASS[0m captured -> results/S0_totality_rejection.txt

[1;37m==== governance - anchor policy v1.0 ====[0m
   [1;33mGOV [0m policy v1.0 anchored - sha256 c25384d87edb... - effectiveFrom 2026-08-28T17:33:02Z - params {"quantityTolerance":0.5,"verifyRequiresDistinctActor":false,"recallBlocksTransform":true,"enforceMembership":true,"maxEventTimeDivergenceHours":0}

[1;36m> waiting for v1.0 to take effect[0m
{"version":"v1.0","hash":"c25384d87edb0ba95fd11173e8ce8c7b4c3d5319346e6ad7655685899102ccbe","hashAlgorithm":"SHA-256","effectiveFrom":"2026-08-28T17:33:02Z","nextAuthority":"Org1MSP","params":{"quantityTolerance":0.5,"verifyRequiresDistinctActor":false,"recallBlocksTransform":true,"enforceMembership":true,"maxEventTimeDivergenceHours":0}}

[1;36m> membership - the consortium admits the organizations that may submit[0m
  Carrier	active	v1.0
  Distributor	active	v1.0
  Laboratory	active	v1.0
  Processor	active	v1.0
  Producer	active	v1.0
  Retailer	active	v1.0
  Warehouse	active	v1.0
   [0;32mPASS[0m 7 organizations admitted

[1;37m==== S1 - recall investigation (LOT-C) ====[0m

[1;36m> chain: two Creates (ERP) -> Transform (MES) -> Transfer (TMS/WMS) -> Verify (LIMS)[0m
   [0;32mPASS[0m C1 anchored - payload 9bd30e97f4a9... - bound v1.0 c25384d87edb...
   [0;32mPASS[0m C2 anchored - payload 6c4168cfa63c... - bound v1.0 c25384d87edb...
   [0;32mPASS[0m T1 anchored - payload 510e04dfafa6... - bound v1.0 c25384d87edb...
   [0;32mPASS[0m TR1 anchored - payload 256bf3340eec... - bound v1.0 c25384d87edb...
   [0;32mPASS[0m V1 anchored - payload 245d17b7cc7f... - bound v1.0 c25384d87edb...

[1;36m> negative: a lot consumed by the transformation can no longer move[0m
   [0;33mREJ [0m N-CONSUMED rejected as designed [asset]
   REJECTED [asset]: asset "LOT-A" has been fully consumed by a transformation and can no longer be transferred

[1;36m> negative: transfer by a party that is not the current custodian[0m
   [0;33mREJ [0m N-CUSTODY rejected as designed [custody continuity]
   INVARIANT VIOLATION [custody continuity]: Transfer of asset "LOT-C" submitted by "Retailer", but current custodian is "Carrier"; only the current custodian may record a transfer

[1;36m> recall[0m
   [0;32mPASS[0m R1 anchored - payload 240be7de6529... - bound v1.0 c25384d87edb...

[1;36m> negative: transfer of a recalled lot[0m
   [0;33mREJ [0m N-RECALL-TRANSFER rejected as designed [recall lock]
   INVARIANT VIOLATION [recall lock]: asset "LOT-C" is under recall; further transfers are blocked until the recall is cleared

[1;36m> negative: transforming a recalled lot out of the recall[0m
   [0;33mREJ [0m N-RECALL-TRANSFORM rejected as designed [recall lock]
   INVARIANT VIOLATION [recall lock]: asset "LOT-C" is under recall and may not be an input to a transformation until cleared

[1;36m> governance lifts the recall, and only then can the lot move[0m
   [0;33mREJ [0m N-CLEAR-NONADMIN rejected as designed [change control]
   GOVERNANCE REJECTION [change control]: ClearRecall is restricted to the authority designated by policy v1.0 (Org1MSP); caller is Org2MSP
   [1;33mGOV [0m recall cleared -> results/S1_recall_status.json
   [0;32mPASS[0m TR3 anchored - payload ba3595aada97... - bound v1.0 c25384d87edb...
   [0;32mPASS[0m transfer after clearance accepted - the lock is liftable, not permanent

[1;36m> lineage, descendants and trace metrics[0m
   [0;32mPASS[0m lineage nodes 7 edges 6 origins ["C1","C2"]
   [0;32mPASS[0m descendants of LOT-A: ["LOT-C"]
   [0;32mPASS[0m time-to-trace 7200s - audit hand-offs 4

[1;36m> Table III - observed results, per source system[0m
  C1	Create	Producer	v1.0
  C2	Create	Producer	v1.0
  T1	Transform	Processor	v1.0
  TR1	Transfer	Processor	v1.0
  V1	Verify	Laboratory	v1.0
  R1	Recall	Retailer	v1.0
  TR3	Transfer	Carrier	v1.0

[1;37m==== S2 - regulatory audit (LOT-D) ====[0m

[1;36m> four-event chain: Create (ERP) -> Transfer (TMS) -> Verify (LIMS) -> Transfer (TMS)[0m
   [0;32mPASS[0m D1 anchored - payload 31bd11dcb079... - bound v1.0 c25384d87edb...
   [0;32mPASS[0m TD1 anchored - payload 51c09b157d83... - bound v1.0 c25384d87edb...
   [0;32mPASS[0m VD1 anchored - payload 10e033499a6e... - bound v1.0 c25384d87edb...
   [0;32mPASS[0m TD2 anchored - payload 45d21b000fe2... - bound v1.0 c25384d87edb...

[1;36m> audit pack generation (role: authority)[0m
   [0;32mPASS[0m audit pack - 4 events - policy v1.0 - payloads 4/4 PASS - 560 ms
   [0;32mPASS[0m indicators - time-to-trace 3900s, audit hand-offs 2

[1;36m> product passport[0m
   [0;32mPASS[0m passport - custodian Retailer - 1 attestation(s) - recall none - policy v1.0

[1;36m> tamper test[0m
   [0;31mREJ [0m verification FAIL after tampering - tamper detected

[1;36m> interoperability: the same evidence exported to EPCIS 2.0 and PROV-O[0m
   [0;32mPASS[0m EPCIS 2.0 export - 7 events (6 ObjectEvent, 1 TransformationEvent) -> results/S2_epcis_export.json
   [0;32mPASS[0m PROV-O export - 7 Activity, 3 Entity, 5 Agent -> results/S2_prov_export.json
   [0;32mPASS[0m interoperability check - 7 anchored events exported to both vocabularies, each carrying its policy reference

[1;37m==== S3 - policy update, per-record binding and policy-driven behaviour (LOT-E) ====[0m

[1;36m> three records under policy v1.0[0m
   [0;32mPASS[0m S3-R1 anchored - payload a8b3de46f9e7... - bound v1.0 c25384d87edb...
   [0;32mPASS[0m S3-R2 anchored - payload 3ccf2c1de284... - bound v1.0 c25384d87edb...
   [0;32mPASS[0m S3-R3 anchored - payload 156f02a03524... - bound v1.0 c25384d87edb...

[1;36m> under v1.0: a 0.4 KG transformation imbalance is within tolerance (0.5)[0m
   [0;32mPASS[0m S3-P1 anchored - payload 1dc917f38027... - bound v1.0 c25384d87edb...
   [0;32mPASS[0m S3-P2 anchored - payload 6f2fa568a9e0... - bound v1.0 c25384d87edb...
   [0;32mPASS[0m accepted under v1.0

[1;36m> governance change - anchor policy v2.0[0m
   [1;33mGOV [0m policy v2.0 anchored - sha256 6714a9706aad... - effectiveFrom 2026-08-28T17:34:32Z - params {"quantityTolerance":0.25,"verifyRequiresDistinctActor":true,"recallBlocksTransform":true,"enforceMembership":true,"maxEventTimeDivergenceHours":8760}

[1;36m> two records under policy v2.0[0m
   [0;32mPASS[0m S3-R4 anchored - payload 68ca90e40051... - bound v2.0 6714a9706aad...
   [0;32mPASS[0m S3-R5 anchored - payload 6305d80ab2aa... - bound v2.0 6714a9706aad...

[1;36m> under v2.0: the SAME 0.4 KG imbalance now exceeds tolerance (0.25)[0m
   [0;32mPASS[0m S3-P3 anchored - payload eba170e8e8cb... - bound v2.0 6714a9706aad...
   [0;33mREJ [0m S3-P4 rejected as designed [quantity conservation]
   INVARIANT VIOLATION [quantity conservation]: inputs total 1000.0000 KG, outputs total 999.6000 KG, difference 0.4000 exceeds the tolerance 0.2500 set by policy v2.0

[1;36m> under v2.0: the custodian may no longer attest to its own lot[0m
   [0;33mREJ [0m N-VERIFY-SELF rejected as designed [verification integrity]
   INVARIANT VIOLATION [verification integrity]: policy v2.0 requires an attestation from a party other than the current custodian, but "Warehouse" holds custody of asset "LOT-E"

[1;36m> Table III - per-record binding verification[0m
   record   submittedAt            policy  hash          correct
   S3-R1    2026-08-28T17:34:10Z   v1.0   c25384d87edb  [0;32myes[0m
   S3-R2    2026-08-28T17:34:13Z   v1.0   c25384d87edb  [0;32myes[0m
   S3-R3    2026-08-28T17:34:16Z   v1.0   c25384d87edb  [0;32myes[0m
   S3-R4    2026-08-28T17:34:37Z   v2.0   6714a9706aad  [0;32myes[0m
   S3-R5    2026-08-28T17:34:40Z   v2.0   6714a9706aad  [0;32myes[0m
   v1.0: hash [0;32mreproduces[0m - parameters [0;32mfaithful to the artifact[0m
   v2.0: hash [0;32mreproduces[0m - parameters [0;32mfaithful to the artifact[0m
   -> results/S3_table4_bindings.json
   imbalance 0.4 - tolerance v1.0 0.5 -> accepted, v2.0 0.25 -> rejected
   [0;32mPASS[0m the same submission is decided differently under the two regimes
   -> results/S3_policy_effect.json

[1;37m==== S4 - validation surface ====[0m

[1;36m> quantity conservation[0m
   [0;33mREJ [0m N-QTY-TOLERANCE rejected as designed [quantity conservation]
   INVARIANT VIOLATION [quantity conservation]: inputs total 100.0000 KG, outputs total 90.0000 KG, difference 10.0000 exceeds the tolerance 0.2500 set by policy v2.0
   [0;33mREJ [0m N-QTY-AVAILABLE rejected as designed [quantity conservation]
   INVARIANT VIOLATION [quantity conservation]: transformation consumes 5000.0000 KG of asset "LOT-D" but only 500.0000 KG remains
   [0;33mREJ [0m N-QTY-UNIT rejected as designed [quantity conservation]
   INVARIANT VIOLATION [quantity conservation]: input asset "LOT-D" is recorded in "KG" but the manifest declares "L"; quantities in different units cannot be balanced

[1;36m> verification integrity[0m
   [0;33mREJ [0m N-VERIFY-DIGEST rejected as designed [verification integrity]
   INVARIANT VIOLATION [verification integrity]: a Verify event must reference a well-formed attestation payload digest; got "not-a-digest"

[1;36m> schema, lineage and duplicate suppression[0m
   [0;33mREJ [0m N-SCHEMA-TYPE rejected as designed [schema]
   REJECTED [schema]: eventType "Inspect" is not one of Create|Transform|Transfer|Verify|Recall
   [0;33mREJ [0m N-PREDECESSOR rejected as designed [lineage]
   REJECTED [lineage]: predecessor event "NO-SUCH-EVENT" does not exist
   [0;33mREJ [0m N-DUPLICATE rejected as designed [duplicate]
   REJECTED [duplicate]: eventID "D1" is already anchored; anchored headers are immutable

[1;36m> governance registry controls[0m
   [0;33mREJ [0m N-POLICY-NONADMIN rejected as designed [change control]
   GOVERNANCE REJECTION [change control]: AnchorPolicy is restricted to the authority designated for the next version (Org1MSP); caller is Org2MSP
   [0;33mREJ [0m N-POLICY-RETRO rejected as designed [retroactivity]
   GOVERNANCE REJECTION [retroactivity]: effectiveFrom 2026-08-28T17:24:48Z precedes the anchoring time 2026-08-28T17:34:48Z; a policy version may not be declared in force before it was anchored

[1;36m> a version may be scheduled ahead of time[0m
   [1;33mGOV [0m policy v3.0 anchored - sha256 497674efaaaa... - effectiveFrom 2026-08-28T18:34:48Z - params {"quantityTolerance":0.1,"verifyRequiresDistinctActor":true,"recallBlocksTransform":true,"enforceMembership":true,"maxEventTimeDivergenceHours":8760}
   [0;32mPASS[0m still in force now: v2.0

[1;36m> and a later anchoring may not undercut a scheduled one[0m
   [0;33mREJ [0m N-POLICY-ORDER rejected as designed [ordering]
   GOVERNANCE REJECTION [ordering]: effectiveFrom 2026-08-28T18:04:51Z must be strictly after existing version v3.0 (2026-08-28T18:34:48Z); policy supersession is prospective

[1;36m> governance kit: membership, disputes and emergency overrides[0m
   [0;33mREJ [0m N-MEMBER-NONADMIN rejected as designed [change control]
   GOVERNANCE REJECTION [change control]: AdmitOrganization is restricted to the authority designated by policy v2.0 (Org1MSP); caller is Org2MSP
   [1;33mGOV [0m Warehouse suspended - anchored act, rationale off-ledger
   [0;33mREJ [0m N-MEMBER-SUSPENDED rejected as designed [membership]
   GOVERNANCE REJECTION [membership]: organization "Warehouse" is suspended and may not submit evidence
   [1;33mGOV [0m dispute DSP-1 opened over TR1 by a consortium member
   [0;33mREJ [0m N-DISPUTE-NONADMIN rejected as designed [change control]
   GOVERNANCE REJECTION [change control]: ResolveDispute is restricted to the authority designated by policy v2.0 (Org1MSP); caller is Org2MSP
   [0;32mPASS[0m dispute resolved; the anchored header was never altered

[1;36m> export and query behaviour take dispute state into account[0m
   [0;32mPASS[0m audit pack - 7 events - policy v1.0 - payloads 7/7 PASS - 783 ms
   [0;32mPASS[0m indicators - time-to-trace 7200s, audit hand-offs 4
   [0;32mPASS[0m dispute cycle time 5s now reported on the lineage that carries the disputed event
   [1;33mGOV [0m emergency EMG-1 - Recall submissions suspended until 2026-08-28T18:05:03Z
   [0;33mREJ [0m N-EMERGENCY rejected as designed [emergency]
   GOVERNANCE REJECTION [emergency]: submission is suspended by emergency EMG-1 (eventType "Recall") until 2026-08-28T18:05:03Z
   [0;32mPASS[0m governance registries captured

[1;36m> audit access: three visibility tiers[0m
   public     status 403  integrity confirmed  content withheld
   operator   status 200  integrity confirmed  content disclosed
   authority  status 200  integrity confirmed  content disclosed
   (none)     status 403  integrity -  content withheld
   [0;32mPASS[0m three visibility tiers behave as specified -> results/S5_disclosure_tiers.json

[1;36m> collecting the validation surface report[0m
   [0;32mPASS[0m 22/22 checks demonstrated
   -> results/S4_validation_surface.json, .md

[1;33m══ 6/6  artifacts[0m

[1;37m==== summarize ====[0m
   PASS replay feed - S1 20, S2 11, S3 16, S4 24, S5 12 beats -> results/replay.json

===== S1 =====
             S1 - recall investigation, lot LOT-C. Four source systems, one validation path.
  17:32:56Z  > submit - C1 - Create - LOT-A - actor Producer - source ERP
  17:33:02Z  GOVERNANCE - AnchorPolicy v1.0 - hash c25384...2ccbe - effectiveFrom 2026-08-28T17:33:02Z
  17:33:29Z  > submit - C1 - Create - LOT-A - actor Producer - source ERP
  17:33:32Z  > submit - C2 - Create - LOT-B - actor Producer - source ERP
  17:33:36Z  > submit - T1 - Transform - LOT-C - actor Processor - source MES - preds {C1, C2}
             > submit - N-CONSUMED - Transfer - LOT-A - actor Producer
  17:33:39Z  > submit - TR1 - Transfer - LOT-C - actor Processor - source TMS/WMS - preds {T1}
  17:33:42Z  > submit - V1 - Verify - LOT-C - actor Laboratory - source LIMS - preds {TR1}
             > submit - N-CUSTODY - Transfer - LOT-C - actor Retailer
  17:33:45Z  > submit - R1 - Recall - LOT-C - actor Retailer - source Retailer system - preds {V1}
             > submit - N-RECALL-TRANSFER - Transfer - LOT-C - actor Carrier
             > submit - N-RECALL-TRANSFORM - Transform - LOT-Z - actor Carrier
             > governance act - N-CLEAR-NONADMIN - attempted by Org2MSP
  17:33:49Z  GOVERNANCE - ClearRecall v1.0 - hash c25384...2ccbe - at 2026-08-28T17:33:49Z
  17:33:52Z  > submit - TR3 - Transfer - LOT-C - actor Carrier - source TMS/WMS - preds {R1}
             > GetLineageByAsset("LOT-C")
             > AffectedDescendants("LOT-A")
             > GetTraceMetrics("LOT-C")
             Agnosticism, and invariants that actually bite. Four enterprise systems fed one validation path, while four separate rejections show custody, consumption and the recall lock being enforced - and the lock lifting only on a recorded governance act.

===== S2 =====
             S2 - regulatory audit of lot LOT-D (four-event lineage, no recall).
  17:33:55Z  > submit - D1 - Create - LOT-D - actor Producer - source ERP
  17:33:58Z  > submit - TD1 - Transfer - LOT-D - actor Producer - source TMS - preds {D1}
  17:34:01Z  > submit - VD1 - Verify - LOT-D - actor Laboratory - source LIMS - preds {TD1}
  17:34:05Z  > submit - TD2 - Transfer - LOT-D - actor Distributor - source TMS - preds {VD1}
             > auditPack("LOT-D", role=authority)
             > indicators (model 3.7)
             > passportView("LOT-D")
             > tamper test
             > interoperability exports (EPCIS 2.0 and PROV-O) - lot LOT-C
             A regulator-ready bundle, verified without disclosure. Ordered headers, identity attestations, policy references and the model's own indicators in 560 ms - and a silent payload change exposed by the anchored digests.

===== S3 =====
             S3 - policy update: per-record binding, and the change in validation behaviour that the binding records.
  17:34:10Z  > submit - S3-R1 - Create - LOT-E - actor Producer - source ERP
  17:34:13Z  > submit - S3-R2 - Verify - LOT-E - actor Laboratory - source LIMS - preds {S3-R1}
  17:34:16Z  > submit - S3-R3 - Verify - LOT-E - actor Laboratory - source LIMS - preds {S3-R2}
  17:34:19Z  > submit - S3-P1 - Create - LOT-F - actor Producer - source ERP
  17:34:22Z  > submit - S3-P2 - Transform - LOT-G - actor Producer - source MES - preds {S3-P1}
  17:34:32Z  GOVERNANCE - AnchorPolicy v2.0 - hash 6714a9...441d8 - effectiveFrom 2026-08-28T17:34:32Z
  17:34:37Z  > submit - S3-R4 - Verify - LOT-E - actor Laboratory - source LIMS - preds {S3-R3}
  17:34:40Z  > submit - S3-R5 - Transfer - LOT-E - actor Producer - source TMS - preds {S3-R4}
  17:34:43Z  > submit - S3-P3 - Create - LOT-H - actor Producer - source ERP
             > submit - S3-P4 - Transform - LOT-I - actor Producer - source MES
             > submit - N-VERIFY-SELF - Verify - LOT-E - actor Warehouse
             > per-record binding verification
             > auditor recomputation
             > policy-driven validation behaviour
             The mechanism, doing work. The rulebook changed and the system behaved differently - an identical submission admitted under one regime and refused under the next - while every record still proves which regime judged it.

===== S4 =====
             S4 - validation surface: every admission check the chaincode performs, each with the rejection that demonstrates it.
  17:32:56Z  > check - S0_totality_rejection - no governance policy in force at submission - specified in architecture 5.1
             > check - N-CUSTODY - transfer by a party that is not the current custodian - specified in model 3.6
             > check - N-RECALL-TRANSFER - transfer of a lot under recall - specified in model 3.6
             > check - N-RECALL-TRANSFORM - transformation consuming a lot under recall - specified in model 3.6 / 3.8
             > check - N-QTY-TOLERANCE - imbalance beyond the tolerance in force - specified in model 3.6
             > check - N-QTY-AVAILABLE - consuming more of a lot than remains - specified in model 3.6
             > check - N-QTY-UNIT - inputs and outputs in different units - specified in model 3.6
             > check - S3-P4 - imbalance admissible under v1.0, refused under v2.0 - specified in architecture R4
             > check - N-VERIFY-DIGEST - malformed attestation digest - specified in model 3.6
             > check - N-VERIFY-SELF - self-attestation by the current custodian, refused under v2.0 - specified in architecture R4
             > check - N-CONSUMED - transfer of a fully consumed lot - specified in model 3.6 (derived)
             > check - N-SCHEMA-TYPE - event type outside the five-event vocabulary - specified in model 3.2
             > check - N-PREDECESSOR - predecessor that was never anchored - specified in model 3.3
             > check - N-DUPLICATE - re-anchoring an existing event identifier - specified in immutability
             > check - N-POLICY-NONADMIN - policy anchored by a non-admin organization - specified in model 3.5
             > check - N-CLEAR-NONADMIN - recall cleared by a non-admin organization - specified in model 3.5
             > check - N-POLICY-RETRO - validity start earlier than the anchoring time - specified in architecture 5.1
             > check - N-POLICY-ORDER - validity start at or before a version already scheduled - specified in architecture 5.1
             > check - N-MEMBER-SUSPENDED - submission by a suspended organization - specified in model 3.5; architecture 5.B
             > check - N-MEMBER-NONADMIN - organization admitted by a non-authorised identity - specified in model 3.5; architecture 5.B
             > check - N-DISPUTE-NONADMIN - dispute resolved by a non-authorised identity - specified in model 3.5; architecture 5.C
             > check - N-EMERGENCY - submission inside a scope frozen by a time-bounded override - specified in architecture 5.C
             Nothing claimed but undemonstrated. 22 of 22 admission checks produced a rejection carrying that check's own tag.

===== S5 =====
             S5 - the governance kit: membership, disputes, emergency overrides and tiered audit access.
             > MembershipRegistry()
             > governance act - N-MEMBER-NONADMIN - attempted by Org2MSP
             > submit - N-MEMBER-SUSPENDED - Verify - LOT-E - actor Warehouse
  17:34:54Z  GOVERNANCE - OpenDispute v2.0 - hash 6714a9...441d8 - at 2026-08-28T17:34:54Z
             > governance act - N-DISPUTE-NONADMIN - attempted by Org2MSP
  17:34:59Z  GOVERNANCE - ResolveDispute v2.0 - hash 6714a9...441d8 - at 2026-08-28T17:34:59Z
             > GetTraceMetrics after resolution
  17:35:03Z  GOVERNANCE - DeclareEmergency v2.0 - hash 6714a9...441d8 - at 2026-08-28T17:35:03Z
             > submit - N-EMERGENCY - Recall - LOT-D - actor Retailer
             > audit access - three visibility tiers
             Governance as an operating system, not a preamble. Membership decides who may submit, disputes augment evidence without rewriting it, emergency overrides are time-bounded and tied to a decision artifact, and disclosure is tiered - each act anchored and bound to the policy in force.

rendered 83 beats across 5 scenarios,
each traced back to the artifact it reports
[0;32mevery rendered line is well formed, correctly scoped, and matches its source artifact[0m
   PASS -> results/feasibility_summary.md

\033[1;32m════ run complete ════\033[0m
  artifacts   : /home/runner/work/Governance-aware-Supply-Chain-PoC/Governance-aware-Supply-Chain-PoC/results/
  paper text  : results/feasibility_summary.md
  console feed: results/replay.json  → drop onto console/replay.html

  stop the network:  ./run-all.sh --down
